Archive member included to satisfy reference by file (symbol)

c:/URV/bmde/devkitPro/libnds/lib\libnds9.a(console.o)
                              mm_support.o (consoleDemoInit)
c:/URV/bmde/devkitPro/libnds/lib\libnds9.a(background.o)
                              c:/URV/bmde/devkitPro/libnds/lib\libnds9.a(console.o) (bgState)
c:/URV/bmde/devkitPro/libnds/lib\libnds9.a(trig.o)
                              c:/URV/bmde/devkitPro/libnds/lib\libnds9.a(background.o) (sinLerp)
c:/URV/bmde/devkitPro/libnds/lib\libnds9.a(keys.o)
                              mm_main.o (scanKeys)
c:/URV/bmde/devkitPro/libnds/lib\libnds9.a(initSystem.o)
                              c:/urv/bmde/devkitpro/devkitarm/bin/../lib/gcc/arm-none-eabi/6.3.0/../../../../arm-none-eabi/lib/ds_arm9_crt0.o (initSystem)
c:/URV/bmde/devkitPro/libnds/lib\libnds9.a(timeSupport.o)
                              c:/URV/bmde/devkitPro/libnds/lib\libnds9.a(initSystem.o) (__libnds_gtod)
c:/URV/bmde/devkitPro/libnds/lib\libnds9.a(securearea.o)
                              c:/urv/bmde/devkitpro/devkitarm/bin/../lib/gcc/arm-none-eabi/6.3.0/../../../../arm-none-eabi/lib/ds_arm9_crt0.o (__secure_area__)
c:/URV/bmde/devkitPro/libnds/lib\libnds9.a(interrupts.o)
                              c:/URV/bmde/devkitPro/libnds/lib\libnds9.a(initSystem.o) (irqInit)
c:/URV/bmde/devkitPro/libnds/lib\libnds9.a(libnds_exit.arm.o)
                              c:/urv/bmde/devkitpro/devkitarm/bin/../lib/gcc/arm-none-eabi/6.3.0/../../../../arm-none-eabi/lib/ds_arm9_crt0.o (__libnds_exit)
c:/URV/bmde/devkitPro/libnds/lib\libnds9.a(fifosystem.o)
                              c:/URV/bmde/devkitPro/libnds/lib\libnds9.a(initSystem.o) (fifoSetValue32Handler)
c:/URV/bmde/devkitPro/libnds/lib\libnds9.a(mpu_setup.o)
                              c:/urv/bmde/devkitpro/devkitarm/bin/../lib/gcc/arm-none-eabi/6.3.0/../../../../arm-none-eabi/lib/ds_arm9_crt0.o (__libnds_mpu_setup)
c:/URV/bmde/devkitPro/libnds/lib\libnds9.a(IntrWait.o)
                              mm_main.o (swiWaitForVBlank)
c:/URV/bmde/devkitPro/libnds/lib\libnds9.a(cpu_clock.o)
                              c:/URV/bmde/devkitPro/libnds/lib\libnds9.a(initSystem.o) (setCpuClock)
c:/URV/bmde/devkitPro/libnds/lib\libnds9.a(interruptDispatcher.o)
                              c:/URV/bmde/devkitPro/libnds/lib\libnds9.a(interrupts.o) (IntrMain)
c:/URV/bmde/devkitPro/libnds/lib\libnds9.a(debugprint.o)
                              c:/URV/bmde/devkitPro/libnds/lib\libnds9.a(console.o) (nocashWrite)
c:/URV/bmde/devkitPro/libnds/lib\libnds9.a(swiSoftReset.o)
                              c:/URV/bmde/devkitPro/libnds/lib\libnds9.a(fifosystem.o) (swiSoftReset)
c:/URV/bmde/devkitPro/libnds/lib\libnds9.a(default_font.bin.o)
                              c:/URV/bmde/devkitPro/libnds/lib\libnds9.a(console.o) (default_font_bin)
c:/URV/bmde/devkitPro/libnds/lib\libnds9.a(video.o)
                              c:/URV/bmde/devkitPro/libnds/lib\libnds9.a(initSystem.o) (vramDefault)
c:/URV/bmde/devkitPro/libnds/lib\libnds9.a(system.o)
                              c:/URV/bmde/devkitPro/libnds/lib\libnds9.a(initSystem.o) (systemValueHandler)
c:/URV/bmde/devkitPro/libnds/lib\libnds9.a(biosCalls.o)
                              c:/URV/bmde/devkitPro/libnds/lib\libnds9.a(system.o) (swiDelay)
c:/Users/santi/Desktop/Compus/Mastermind/lib\libcompus.a(copyscreen.o)
                              mm_support.o (copy_screenB2A)
c:/urv/bmde/devkitpro/devkitarm/bin/../lib/gcc/arm-none-eabi/6.3.0\libgcc.a(_divsi3.o)
                              mm_main.o (__aeabi_idivmod)
c:/urv/bmde/devkitpro/devkitarm/bin/../lib/gcc/arm-none-eabi/6.3.0\libgcc.a(_dvmd_tls.o)
                              c:/urv/bmde/devkitpro/devkitarm/bin/../lib/gcc/arm-none-eabi/6.3.0\libgcc.a(_divsi3.o) (__aeabi_idiv0)
c:/urv/bmde/devkitpro/devkitarm/bin/../lib/gcc/arm-none-eabi/6.3.0/../../../../arm-none-eabi/lib\libc.a(lib_a-bsearch.o)
                              c:/URV/bmde/devkitPro/libnds/lib\libnds9.a(trig.o) (bsearch)
c:/urv/bmde/devkitpro/devkitarm/bin/../lib/gcc/arm-none-eabi/6.3.0/../../../../arm-none-eabi/lib\libc.a(lib_a-init.o)
                              c:/urv/bmde/devkitpro/devkitarm/bin/../lib/gcc/arm-none-eabi/6.3.0/../../../../arm-none-eabi/lib/ds_arm9_crt0.o (__libc_init_array)
c:/urv/bmde/devkitpro/devkitarm/bin/../lib/gcc/arm-none-eabi/6.3.0/../../../../arm-none-eabi/lib\libc.a(lib_a-iprintf.o)
                              c:/URV/bmde/devkitPro/libnds/lib\libnds9.a(console.o) (iprintf)
c:/urv/bmde/devkitpro/devkitarm/bin/../lib/gcc/arm-none-eabi/6.3.0/../../../../arm-none-eabi/lib\libc.a(lib_a-memcpy-stub.o)
                              c:/URV/bmde/devkitPro/libnds/lib\libnds9.a(console.o) (memcpy)
c:/urv/bmde/devkitpro/devkitarm/bin/../lib/gcc/arm-none-eabi/6.3.0/../../../../arm-none-eabi/lib\libc.a(lib_a-memset.o)
                              c:/URV/bmde/devkitPro/libnds/lib\libnds9.a(background.o) (memset)
[...]
Memory Configuration

Name             Origin             Length             Attributes
ewram            0x02000000         0x00380000
dtcm             0x0b000000         0x00004000
vectors          0x01000000         0x00000100
itcm             0x01000100         0x00007f00
*default*        0x00000000         0xffffffff

Linker script and memory map

                0x02380000                __ewram_end = (ORIGIN (ewram) + LENGTH (ewram))
                0x02380000                __eheap_end = (ORIGIN (ewram) + LENGTH (ewram))
                0x0b004000                __dtcm_top = (ORIGIN (dtcm) + LENGTH (dtcm))
                0x0b003ff8                __irq_flags = (__dtcm_top - 0x8)
                0x0b003ffc                __irq_vector = (__dtcm_top - 0x4)
                0x0b003f00                __sp_svc = (__dtcm_top - 0x100)
                0x0b003e00                __sp_irq = (__sp_svc - 0x100)
                0x0b003d00                __sp_usr = (__sp_irq - 0x100)

.secure         0x02000000      0x800
 *(.secure)
 .secure        0x02000000      0x800 c:/URV/bmde/devkitPro/libnds/lib\libnds9.a(securearea.o)
                0x02000000                __secure_area__

.crt0           0x02000800      0x300
                0x02000800                __text_start = .
 *(.crt0)
 .crt0          0x02000800      0x300 c:/urv/bmde/devkitpro/devkitarm/bin/../lib/gcc/arm-none-eabi/6.3.0/../../../../arm-none-eabi/lib/ds_arm9_crt0.o
                0x02000800                _start
                0x02000b00                . = ALIGN (0x4)

.plt
 *(.plt)

.init           0x02000b00       0x18
 *(SORT(.init))
 .init          0x02000b00        0xc c:/urv/bmde/devkitpro/devkitarm/bin/../lib/gcc/arm-none-eabi/6.3.0/crti.o
                0x02000b00                _init
 .init          0x02000b0c        0xc c:/urv/bmde/devkitpro/devkitarm/bin/../lib/gcc/arm-none-eabi/6.3.0/crtn.o

.text           0x02000b18    0x127d0
 *(EXCLUDE_FILE(*.twl* *.vectors* *.itcm*) .text)
 .text          0x02000b18      0x5e0 mm_support.o
                0x02000b18                sel_value
                0x02000c24                initial_config
                0x02000e2c                ANSI_color
                0x02000e58                sel_guess
 .text          0x020010f8       0xbc mm_check.o
                0x020010f8                MM_check
 .text          0x020011b4      0x110 c:/Users/santi/Desktop/Compus/Mastermind/lib\libcompus.a(copyscreen.o)
                0x020011b4                copy_screenA2B
                0x02001238                copy_screenB2A
 .text          0x020012c4      0x148 c:/urv/bmde/devkitpro/devkitarm/bin/../lib/gcc/arm-none-eabi/6.3.0\libgcc.a(_divsi3.o)
                0x020012c4                __divsi3
                0x020012c4                __aeabi_idiv
                0x020013ec                __aeabi_idivmod
 .text          0x0200140c        0x4 c:/urv/bmde/devkitpro/devkitarm/bin/../lib/gcc/arm-none-eabi/6.3.0\libgcc.a(_dvmd_tls.o)
                0x0200140c                __aeabi_idiv0
                0x0200140c                __aeabi_ldiv0
 .text          0x02001410      0x224 c:/urv/bmde/devkitpro/devkitarm/bin/../lib/gcc/arm-none-eabi/6.3.0/../../../../arm-none-eabi/lib\libc.a(lib_a-strcmp.o)
                0x02001410                strcmp
 .text          0x02001634      0x114 c:/urv/bmde/devkitpro/devkitarm/bin/../lib/gcc/arm-none-eabi/6.3.0\libgcc.a(_udivsi3.o)
                0x02001634                __aeabi_uidiv
                0x02001634                __udivsi3
                0x02001728                __aeabi_uidivmod
 .text          0x02001748      0x41c c:/urv/bmde/devkitpro/devkitarm/bin/../lib/gcc/arm-none-eabi/6.3.0\libgcc.a(_arm_addsubdf3.o)
                0x02001748                __aeabi_drsub
                0x02001750                __aeabi_dsub
                0x02001750                __subdf3
                0x02001754                __aeabi_dadd
                0x02001754                __adddf3
                0x02001a64                __floatunsidf
                0x02001a64                __aeabi_ui2d
                0x02001a88                __floatsidf
                0x02001a88                __aeabi_i2d
                0x02001ab0                __aeabi_f2d
                0x02001ab0                __extendsfdf2
                0x02001af0                __floatundidf
                0x02001af0                __aeabi_ul2d
                0x02001b04                __floatdidf
                0x02001b04                __aeabi_l2d
 .text          0x02001b64      0x49c c:/urv/bmde/devkitpro/devkitarm/bin/../lib/gcc/arm-none-eabi/6.3.0\libgcc.a(_arm_muldivdf3.o)
                0x02001b64                __aeabi_dmul
                0x02001b64                __muldf3
                0x02001df4                __divdf3
                0x02001df4                __aeabi_ddiv
 .text          0x02002000      0x144 c:/urv/bmde/devkitpro/devkitarm/bin/../lib/gcc/arm-none-eabi/6.3.0\libgcc.a(_arm_cmpdf2.o)
                0x02002000                __gtdf2
                0x02002000                __gedf2
                0x02002008                __ltdf2
                0x02002008                __ledf2
                0x02002010                __nedf2
                0x02002010                __eqdf2
                0x02002010                __cmpdf2
                0x02002098                __aeabi_cdrcmple
                0x020020b4                __aeabi_cdcmpeq
                0x020020b4                __aeabi_cdcmple
                0x020020cc                __aeabi_dcmpeq
                0x020020e4                __aeabi_dcmplt
                0x020020fc                __aeabi_dcmple
                0x02002114                __aeabi_dcmpge
                0x0200212c                __aeabi_dcmpgt
 .text          0x02002144       0x38 c:/urv/bmde/devkitpro/devkitarm/bin/../lib/gcc/arm-none-eabi/6.3.0\libgcc.a(_arm_unorddf2.o)
                0x02002144                __unorddf2
                0x02002144                __aeabi_dcmpun
 .text          0x0200217c       0x5c c:/urv/bmde/devkitpro/devkitarm/bin/../lib/gcc/arm-none-eabi/6.3.0\libgcc.a(_arm_fixdfsi.o)
                0x0200217c                __aeabi_d2iz
                0x0200217c                __fixdfsi
 .text          0x020021d8       0x3c c:/urv/bmde/devkitpro/devkitarm/bin/../lib/gcc/arm-none-eabi/6.3.0\libgcc.a(_aeabi_uldivmod.o)
                0x020021d8                __aeabi_uldivmod
 .text          0x02002214       0x28 c:/urv/bmde/devkitpro/devkitarm/bin/../lib/gcc/arm-none-eabi/6.3.0\libgcc.a(_clzdi2.o)
                0x02002214                __clzdi2
 .text          0x0200223c       0x48 c:/urv/bmde/devkitpro/devkitarm/bin/../lib/gcc/arm-none-eabi/6.3.0\libgcc.a(_clzsi2.o)
                0x0200223c                __clzsi2
 *(EXCLUDE_FILE(*.twl* *.vectors* *.itcm*) .stub)
 *(EXCLUDE_FILE(*.twl* *.vectors* *.itcm*) .text.*)
 .text.deregister_tm_clones
                0x02002284       0x30 c:/urv/bmde/devkitpro/devkitarm/bin/../lib/gcc/arm-none-eabi/6.3.0/crtbegin.o
 .text.register_tm_clones
                0x020022b4       0x38 c:/urv/bmde/devkitpro/devkitarm/bin/../lib/gcc/arm-none-eabi/6.3.0/crtbegin.o
 .text.__do_global_dtors_aux
                0x020022ec       0x44 c:/urv/bmde/devkitpro/devkitarm/bin/../lib/gcc/arm-none-eabi/6.3.0/crtbegin.o
 .text.frame_dummy
                0x02002330       0x5c c:/urv/bmde/devkitpro/devkitarm/bin/../lib/gcc/arm-none-eabi/6.3.0/crtbegin.o
 .text.startup  0x0200238c      0x1f4 mm_main.o
                0x0200238c                main
 .text.newRow   0x02002580       0xb4 c:/URV/bmde/devkitPro/libnds/lib\libnds9.a(console.o)
 .text.consolePrintChar
                0x02002634       0xf4 c:/URV/bmde/devkitPro/libnds/lib\libnds9.a(console.o)
                0x02002634                consolePrintChar
 .text.consoleCls
                0x02002728       0xec c:/URV/bmde/devkitPro/libnds/lib\libnds9.a(console.o)
 .text.consoleLoadFont
                0x02002814      0x27c c:/URV/bmde/devkitPro/libnds/lib\libnds9.a(console.o)
                0x02002814                consoleLoadFont
 .text.consoleInit
                0x02002a90      0x16c c:/URV/bmde/devkitPro/libnds/lib\libnds9.a(console.o)
                0x02002a90                consoleInit
 .text.consoleDemoInit
                0x02002bfc       0x40 c:/URV/bmde/devkitPro/libnds/lib\libnds9.a(console.o)
                0x02002bfc                consoleDemoInit
 .text.con_write
                0x02002c3c      0x2ac c:/URV/bmde/devkitPro/libnds/lib\libnds9.a(console.o)
                0x02002c3c                con_write
 .text.checkIfText.part.0
                0x02002ee8       0x3c c:/URV/bmde/devkitPro/libnds/lib\libnds9.a(background.o)
 .text.bgUpdate
                0x02002f24       0xf0 c:/URV/bmde/devkitPro/libnds/lib\libnds9.a(background.o)
                0x02002f24                bgUpdate
 .text.bgInit_call
                0x02003014       0xf4 c:/URV/bmde/devkitPro/libnds/lib\libnds9.a(background.o)
                0x02003014                bgInit_call
 .text.bgInitSub_call
                0x02003108       0xf8 c:/URV/bmde/devkitPro/libnds/lib\libnds9.a(background.o)
                0x02003108                bgInitSub_call
 .text.sinLerp  0x02003200       0x98 c:/URV/bmde/devkitPro/libnds/lib\libnds9.a(trig.o)
                0x02003200                sinLerp
 .text.cosLerp  0x02003298       0x14 c:/URV/bmde/devkitPro/libnds/lib\libnds9.a(trig.o)
                0x02003298                cosLerp
 .text.scanKeys
                0x020032ac       0x90 c:/URV/bmde/devkitPro/libnds/lib\libnds9.a(keys.o)
                0x020032ac                scanKeys
 .text.keysDown
                0x0200333c       0x14 c:/URV/bmde/devkitPro/libnds/lib\libnds9.a(keys.o)
                0x0200333c                keysDown
 .text.initSystem
                0x02003350      0x194 c:/URV/bmde/devkitPro/libnds/lib\libnds9.a(initSystem.o)
                0x02003350                initSystem
 .text.__libnds_gtod
                0x020034e4       0x24 c:/URV/bmde/devkitPro/libnds/lib\libnds9.a(timeSupport.o)
                0x020034e4                __libnds_gtod
 .text.irqDummy
                0x02003508        0x4 c:/URV/bmde/devkitPro/libnds/lib\libnds9.a(interrupts.o)
                0x02003508                irqDummy
 .text.irqSet   0x0200350c       0x6c c:/URV/bmde/devkitPro/libnds/lib\libnds9.a(interrupts.o)
                0x0200350c                irqSet
 .text.irqInit  0x02003578       0x50 c:/URV/bmde/devkitPro/libnds/lib\libnds9.a(interrupts.o)
                0x02003578                irqInit
 .text.irqEnable
                0x020035c8       0x64 c:/URV/bmde/devkitPro/libnds/lib\libnds9.a(interrupts.o)
                0x020035c8                irqEnable
 .text.irqDisable
                0x0200362c       0x64 c:/URV/bmde/devkitPro/libnds/lib\libnds9.a(interrupts.o)
                0x0200362c                irqDisable
 .text.systemErrorExit
                0x02003690        0x4 c:/URV/bmde/devkitPro/libnds/lib\libnds9.a(libnds_exit.arm.o)
                0x02003690                systemErrorExit
 *fill*         0x02003694        0x4 ff
 .text.__libnds_exit
                0x02003698       0x5c c:/URV/bmde/devkitPro/libnds/lib\libnds9.a(libnds_exit.arm.o)
                0x02003698                __libnds_exit
 .text.__timeoutvbl
                0x020036f4       0x10 c:/URV/bmde/devkitPro/libnds/lib\libnds9.a(fifosystem.o)
 .text.fifo_allocBlock.part.0
                0x02003704       0x34 c:/URV/bmde/devkitPro/libnds/lib\libnds9.a(fifosystem.o)
 .text.fifo_waitBlock
                0x02003738       0x48 c:/URV/bmde/devkitPro/libnds/lib\libnds9.a(fifosystem.o)
 .text.fifoInternalSendInterrupt
                0x02003780       0x9c c:/URV/bmde/devkitPro/libnds/lib\libnds9.a(fifosystem.o)
 .text.fifoInternalSend.part.2
                0x0200381c       0xd8 c:/URV/bmde/devkitPro/libnds/lib\libnds9.a(fifosystem.o)
 .text.fifoGetValue32.part.3
                0x020038f4       0x74 c:/URV/bmde/devkitPro/libnds/lib\libnds9.a(fifosystem.o)
 .text.fifoSetValue32Handler
                0x02003968       0x74 c:/URV/bmde/devkitPro/libnds/lib\libnds9.a(fifosystem.o)
                0x02003968                fifoSetValue32Handler
 .text.fifoSendValue32
                0x020039dc       0x50 c:/URV/bmde/devkitPro/libnds/lib\libnds9.a(fifosystem.o)
                0x020039dc                fifoSendValue32
 .text.fifoGetDatamsg
                0x02003a2c      0x148 c:/URV/bmde/devkitPro/libnds/lib\libnds9.a(fifosystem.o)
                0x02003a2c                fifoGetDatamsg
 .text.fifoInternalRecvInterrupt
                0x02003b74      0x460 c:/URV/bmde/devkitPro/libnds/lib\libnds9.a(fifosystem.o)
 .text.fifoSetDatamsgHandler
                0x02003fd4       0x9c c:/URV/bmde/devkitPro/libnds/lib\libnds9.a(fifosystem.o)
                0x02003fd4                fifoSetDatamsgHandler
 .text.fifoInit
                0x02004070      0x1cc c:/URV/bmde/devkitPro/libnds/lib\libnds9.a(fifosystem.o)
                0x02004070                fifoInit
 .text.__libnds_mpu_setup
                0x0200423c      0x174 c:/URV/bmde/devkitPro/libnds/lib\libnds9.a(mpu_setup.o)
                0x0200423c                __libnds_mpu_setup
 .text.memUncached
                0x020043b0       0x20 c:/URV/bmde/devkitPro/libnds/lib\libnds9.a(mpu_setup.o)
                0x020043b0                memUncached
 .text.swiWaitForVBlank
                0x020043d0        0x8 c:/URV/bmde/devkitPro/libnds/lib\libnds9.a(IntrWait.o)
                0x020043d0                swiWaitForVBlank
 .text.swiIntrWait
                0x020043d8       0x64 c:/URV/bmde/devkitPro/libnds/lib\libnds9.a(IntrWait.o)
                0x020043d8                swiIntrWait
 .text.setCpuClock
                0x0200443c       0x50 c:/URV/bmde/devkitPro/libnds/lib\libnds9.a(cpu_clock.o)
                0x0200443c                setCpuClock
 .text.swiSoftReset
                0x0200448c       0x2c c:/URV/bmde/devkitPro/libnds/lib\libnds9.a(swiSoftReset.o)
                0x0200448c                swiSoftReset
 .text.vramDefault
                0x020044b8       0xd0 c:/URV/bmde/devkitPro/libnds/lib\libnds9.a(video.o)
                0x020044b8                vramDefault
 .text.systemValueHandler
                0x02004588       0x48 c:/URV/bmde/devkitPro/libnds/lib\libnds9.a(system.o)
                0x02004588                systemValueHandler
 .text.systemMsgHandler
                0x020045d0       0x5c c:/URV/bmde/devkitPro/libnds/lib\libnds9.a(system.o)
                0x020045d0                systemMsgHandler
 .text.powerOn  0x0200462c       0x2c c:/URV/bmde/devkitPro/libnds/lib\libnds9.a(system.o)
                0x0200462c                powerOn
 .text.swiDelay
                0x02004658        0x4 c:/URV/bmde/devkitPro/libnds/lib\libnds9.a(biosCalls.o)
                0x02004658                swiDelay
 .text.__libc_init_array
                0x0200465c       0x80 c:/urv/bmde/devkitpro/devkitarm/bin/../lib/gcc/arm-none-eabi/6.3.0/../../../../arm-none-eabi/lib\libc.a(lib_a-init.o)
                0x0200465c                __libc_init_array
 .text.memcpy   0x020046dc      0x114 c:/urv/bmde/devkitpro/devkitarm/bin/../lib/gcc/arm-none-eabi/6.3.0/../../../../arm-none-eabi/lib\libc.a(lib_a-memcpy-stub.o)
                0x020046dc                memcpy
 .text.memset   0x020047f0      0x114 c:/urv/bmde/devkitpro/devkitarm/bin/../lib/gcc/arm-none-eabi/6.3.0/../../../../arm-none-eabi/lib\libc.a(lib_a-memset.o)
                0x020047f0                memset
 .text.printf   0x02004904       0x38 c:/urv/bmde/devkitpro/devkitarm/bin/../lib/gcc/arm-none-eabi/6.3.0/../../../../arm-none-eabi/lib\libc.a(lib_a-printf.o)
                0x02004904                printf
 .text.putchar  0x0200493c       0x20 c:/urv/bmde/devkitpro/devkitarm/bin/../lib/gcc/arm-none-eabi/6.3.0/../../../../arm-none-eabi/lib\libc.a(lib_a-putchar.o)
                0x0200493c                putchar
 .text._putc_r  0x0200495c       0xdc c:/urv/bmde/devkitpro/devkitarm/bin/../lib/gcc/arm-none-eabi/6.3.0/../../../../arm-none-eabi/lib\libc.a(lib_a-putc.o)
                0x0200495c                _putc_r
 .text._puts_r  0x02004a38       0xe8 c:/urv/bmde/devkitpro/devkitarm/bin/../lib/gcc/arm-none-eabi/6.3.0/../../../../arm-none-eabi/lib\libc.a(lib_a-puts.o)
                0x02004a38                _puts_r
 .text.puts     0x02004b20       0x18 c:/urv/bmde/devkitpro/devkitarm/bin/../lib/gcc/arm-none-eabi/6.3.0/../../../../arm-none-eabi/lib\libc.a(lib_a-puts.o)
                0x02004b20                puts
 .text.srand    0x02004b38       0x20 c:/urv/bmde/devkitpro/devkitarm/bin/../lib/gcc/arm-none-eabi/6.3.0/../../../../arm-none-eabi/lib\libc.a(lib_a-rand.o)
                0x02004b38                srand
 .text.rand     0x02004b58       0x4c c:/urv/bmde/devkitpro/devkitarm/bin/../lib/gcc/arm-none-eabi/6.3.0/../../../../arm-none-eabi/lib\libc.a(lib_a-rand.o)
                0x02004b58                rand
 .text.setvbuf  0x02004ba4      0x258 c:/urv/bmde/devkitpro/devkitarm/bin/../lib/gcc/arm-none-eabi/6.3.0/../../../../arm-none-eabi/lib\libc.a(lib_a-setvbuf.o)
                0x02004ba4                setvbuf
 .text.siscanf  0x02004dfc       0x74 c:/urv/bmde/devkitpro/devkitarm/bin/../lib/gcc/arm-none-eabi/6.3.0/../../../../arm-none-eabi/lib\libc.a(lib_a-siscanf.o)
                0x02004dfc                siscanf
 .text.__sread  0x02004e70       0x4c c:/urv/bmde/devkitpro/devkitarm/bin/../lib/gcc/arm-none-eabi/6.3.0/../../../../arm-none-eabi/lib\libc.a(lib_a-stdio.o)
                0x02004e70                __sread
 .text.__seofread
                0x02004ebc        0x8 c:/urv/bmde/devkitpro/devkitarm/bin/../lib/gcc/arm-none-eabi/6.3.0/../../../../arm-none-eabi/lib\libc.a(lib_a-stdio.o)
                0x02004ebc                __seofread
 .text.__swrite
                0x02004ec4       0x68 c:/urv/bmde/devkitpro/devkitarm/bin/../lib/gcc/arm-none-eabi/6.3.0/../../../../arm-none-eabi/lib\libc.a(lib_a-stdio.o)
                0x02004ec4                __swrite
 .text.__sseek  0x02004f2c       0x54 c:/urv/bmde/devkitpro/devkitarm/bin/../lib/gcc/arm-none-eabi/6.3.0/../../../../arm-none-eabi/lib\libc.a(lib_a-stdio.o)
                0x02004f2c                __sseek
 .text.__sclose
                0x02004f80       0x14 c:/urv/bmde/devkitpro/devkitarm/bin/../lib/gcc/arm-none-eabi/6.3.0/../../../../arm-none-eabi/lib\libc.a(lib_a-stdio.o)
                0x02004f80                __sclose
 .text.strlen   0x02004f94       0x60 c:/urv/bmde/devkitpro/devkitarm/bin/../lib/gcc/arm-none-eabi/6.3.0/../../../../arm-none-eabi/lib\libc.a(lib_a-strlen-stub.o)
                0x02004f94                strlen
 .text._sungetc_r
                0x02004ff4       0xf0 c:/urv/bmde/devkitpro/devkitarm/bin/../lib/gcc/arm-none-eabi/6.3.0/../../../../arm-none-eabi/lib\libc.a(lib_a-svfiscanf.o)
                0x02004ff4                _sungetc_r
 .text.__ssrefill_r
                0x020050e4       0x6c c:/urv/bmde/devkitpro/devkitarm/bin/../lib/gcc/arm-none-eabi/6.3.0/../../../../arm-none-eabi/lib\libc.a(lib_a-svfiscanf.o)
                0x020050e4                __ssrefill_r
 .text._sfread_r
                0x02005150       0xd0 c:/urv/bmde/devkitpro/devkitarm/bin/../lib/gcc/arm-none-eabi/6.3.0/../../../../arm-none-eabi/lib\libc.a(lib_a-svfiscanf.o)
                0x02005150                _sfread_r
 .text.__ssvfiscanf_r
                0x02005220     0x1ebc c:/urv/bmde/devkitpro/devkitarm/bin/../lib/gcc/arm-none-eabi/6.3.0/../../../../arm-none-eabi/lib\libc.a(lib_a-svfiscanf.o)
                0x02005220                __ssvfiscanf_r
 .text.time     0x020070dc       0x3c c:/urv/bmde/devkitpro/devkitarm/bin/../lib/gcc/arm-none-eabi/6.3.0/../../../../arm-none-eabi/lib\libc.a(lib_a-time.o)
                0x020070dc                time
 .text.__submore
                0x02007118       0xb0 c:/urv/bmde/devkitpro/devkitarm/bin/../lib/gcc/arm-none-eabi/6.3.0/../../../../arm-none-eabi/lib\libc.a(lib_a-ungetc.o)
                0x02007118                __submore
 .text.__sprint_r.part.0
                0x020071c8       0x20 c:/urv/bmde/devkitpro/devkitarm/bin/../lib/gcc/arm-none-eabi/6.3.0/../../../../arm-none-eabi/lib\libc.a(lib_a-vfiprintf.o)
 .text.__sprint_r
                0x020071e8       0x1c c:/urv/bmde/devkitpro/devkitarm/bin/../lib/gcc/arm-none-eabi/6.3.0/../../../../arm-none-eabi/lib\libc.a(lib_a-vfiprintf.o)
                0x020071e8                __sprint_r
 .text.get_arg  0x02007204     0x1724 c:/urv/bmde/devkitpro/devkitarm/bin/../lib/gcc/arm-none-eabi/6.3.0/../../../../arm-none-eabi/lib\libc.a(lib_a-vfprintf.o)
 .text._vfprintf_r
                0x02008928     0x452c c:/urv/bmde/devkitpro/devkitarm/bin/../lib/gcc/arm-none-eabi/6.3.0/../../../../arm-none-eabi/lib\libc.a(lib_a-vfprintf.o)
                0x02008928                _vfprintf_r
 .text.__sbprintf
                0x0200ce54       0xd0 c:/urv/bmde/devkitpro/devkitarm/bin/../lib/gcc/arm-none-eabi/6.3.0/../../../../arm-none-eabi/lib\libc.a(lib_a-vfprintf.o)
 .text.__swbuf_r
                0x0200cf24      0x110 c:/urv/bmde/devkitpro/devkitarm/bin/../lib/gcc/arm-none-eabi/6.3.0/../../../../arm-none-eabi/lib\libc.a(lib_a-wbuf.o)
                0x0200cf24                __swbuf_r
 .text._wcrtomb_r
                0x0200d034       0xac c:/urv/bmde/devkitpro/devkitarm/bin/../lib/gcc/arm-none-eabi/6.3.0/../../../../arm-none-eabi/lib\libc.a(lib_a-wcrtomb.o)
                0x0200d034                _wcrtomb_r
 .text._wcsrtombs_r
                0x0200d0e0       0x24 c:/urv/bmde/devkitpro/devkitarm/bin/../lib/gcc/arm-none-eabi/6.3.0/../../../../arm-none-eabi/lib\libc.a(lib_a-wcsrtombs.o)
                0x0200d0e0                _wcsrtombs_r
 .text.__swsetup_r
                0x0200d104      0x158 c:/urv/bmde/devkitpro/devkitarm/bin/../lib/gcc/arm-none-eabi/6.3.0/../../../../arm-none-eabi/lib\libc.a(lib_a-wsetup.o)
                0x0200d104                __swsetup_r
 .text.quorem   0x0200d25c      0x1e0 c:/urv/bmde/devkitpro/devkitarm/bin/../lib/gcc/arm-none-eabi/6.3.0/../../../../arm-none-eabi/lib\libc.a(lib_a-dtoa.o)
 *fill*         0x0200d43c        0x4 ff
 .text._dtoa_r  0x0200d440     0x163c c:/urv/bmde/devkitpro/devkitarm/bin/../lib/gcc/arm-none-eabi/6.3.0/../../../../arm-none-eabi/lib\libc.a(lib_a-dtoa.o)
                0x0200d440                _dtoa_r
 .text.__sflush_r
                0x0200ea7c      0x27c c:/urv/bmde/devkitpro/devkitarm/bin/../lib/gcc/arm-none-eabi/6.3.0/../../../../arm-none-eabi/lib\libc.a(lib_a-fflush.o)
                0x0200ea7c                __sflush_r
 .text._fflush_r
                0x0200ecf8       0x9c c:/urv/bmde/devkitpro/devkitarm/bin/../lib/gcc/arm-none-eabi/6.3.0/../../../../arm-none-eabi/lib\libc.a(lib_a-fflush.o)
                0x0200ecf8                _fflush_r
 .text._cleanup_r
                0x0200ed94       0x18 c:/urv/bmde/devkitpro/devkitarm/bin/../lib/gcc/arm-none-eabi/6.3.0/../../../../arm-none-eabi/lib\libc.a(lib_a-findfp.o)
                0x0200ed94                _cleanup_r
 .text.std.isra.0
                0x0200edac       0x84 c:/urv/bmde/devkitpro/devkitarm/bin/../lib/gcc/arm-none-eabi/6.3.0/../../../../arm-none-eabi/lib\libc.a(lib_a-findfp.o)
 .text.__sinit  0x0200ee30       0x94 c:/urv/bmde/devkitpro/devkitarm/bin/../lib/gcc/arm-none-eabi/6.3.0/../../../../arm-none-eabi/lib\libc.a(lib_a-findfp.o)
                0x0200ee30                __sinit
 .text.__sfp_lock_acquire
                0x0200eec4       0x18 c:/urv/bmde/devkitpro/devkitarm/bin/../lib/gcc/arm-none-eabi/6.3.0/../../../../arm-none-eabi/lib\libc.a(lib_a-findfp.o)
                0x0200eec4                __sfp_lock_acquire
 .text.__sfp_lock_release
                0x0200eedc       0x18 c:/urv/bmde/devkitpro/devkitarm/bin/../lib/gcc/arm-none-eabi/6.3.0/../../../../arm-none-eabi/lib\libc.a(lib_a-findfp.o)
                0x0200eedc                __sfp_lock_release
 .text._malloc_trim_r
                0x0200eef4      0x100 c:/urv/bmde/devkitpro/devkitarm/bin/../lib/gcc/arm-none-eabi/6.3.0/../../../../arm-none-eabi/lib\libc.a(lib_a-freer.o)
                0x0200eef4                _malloc_trim_r
 .text._free_r  0x0200eff4      0x2e0 c:/urv/bmde/devkitpro/devkitarm/bin/../lib/gcc/arm-none-eabi/6.3.0/../../../../arm-none-eabi/lib\libc.a(lib_a-freer.o)
                0x0200eff4                _free_r
 .text.__sfvwrite_r
                0x0200f2d4      0x4dc c:/urv/bmde/devkitpro/devkitarm/bin/../lib/gcc/arm-none-eabi/6.3.0/../../../../arm-none-eabi/lib\libc.a(lib_a-fvwrite.o)
                0x0200f2d4                __sfvwrite_r
 .text._fwalk_reent
                0x0200f7b0       0x8c c:/urv/bmde/devkitpro/devkitarm/bin/../lib/gcc/arm-none-eabi/6.3.0/../../../../arm-none-eabi/lib\libc.a(lib_a-fwalk.o)
                0x0200f7b0                _fwalk_reent
 .text.iswspace
                0x0200f83c       0x7c c:/urv/bmde/devkitpro/devkitarm/bin/../lib/gcc/arm-none-eabi/6.3.0/../../../../arm-none-eabi/lib\libc.a(lib_a-iswspace.o)
                0x0200f83c                iswspace
 .text.__jp2uc  0x0200f8b8      0x204 c:/urv/bmde/devkitpro/devkitarm/bin/../lib/gcc/arm-none-eabi/6.3.0/../../../../arm-none-eabi/lib\libc.a(lib_a-jp2uc.o)
 .text._jp2uc   0x0200fabc       0xc0 c:/urv/bmde/devkitpro/devkitarm/bin/../lib/gcc/arm-none-eabi/6.3.0/../../../../arm-none-eabi/lib\libc.a(lib_a-jp2uc.o)
                0x0200fabc                _jp2uc
 .text._localeconv_r
                0x0200fb7c       0x28 c:/urv/bmde/devkitpro/devkitarm/bin/../lib/gcc/arm-none-eabi/6.3.0/../../../../arm-none-eabi/lib\libc.a(lib_a-localeconv.o)
                0x0200fb7c                _localeconv_r
 .text.__locale_mb_cur_max
                0x0200fba4       0x28 c:/urv/bmde/devkitpro/devkitarm/bin/../lib/gcc/arm-none-eabi/6.3.0/../../../../arm-none-eabi/lib\libc.a(lib_a-locale.o)
                0x0200fba4                __locale_mb_cur_max
 .text.__locale_ctype_ptr_l
                0x0200fbcc        0x8 c:/urv/bmde/devkitpro/devkitarm/bin/../lib/gcc/arm-none-eabi/6.3.0/../../../../arm-none-eabi/lib\libc.a(lib_a-locale.o)
                0x0200fbcc                __locale_ctype_ptr_l
 .text.__locale_ctype_ptr
                0x0200fbd4       0x28 c:/urv/bmde/devkitpro/devkitarm/bin/../lib/gcc/arm-none-eabi/6.3.0/../../../../arm-none-eabi/lib\libc.a(lib_a-locale.o)
                0x0200fbd4                __locale_ctype_ptr
 .text.__swhatbuf_r
                0x0200fbfc       0xa0 c:/urv/bmde/devkitpro/devkitarm/bin/../lib/gcc/arm-none-eabi/6.3.0/../../../../arm-none-eabi/lib\libc.a(lib_a-makebuf.o)
                0x0200fbfc                __swhatbuf_r
 .text.__smakebuf_r
                0x0200fc9c      0x100 c:/urv/bmde/devkitpro/devkitarm/bin/../lib/gcc/arm-none-eabi/6.3.0/../../../../arm-none-eabi/lib\libc.a(lib_a-makebuf.o)
                0x0200fc9c                __smakebuf_r
 .text.malloc   0x0200fd9c       0x1c c:/urv/bmde/devkitpro/devkitarm/bin/../lib/gcc/arm-none-eabi/6.3.0/../../../../arm-none-eabi/lib\libc.a(lib_a-malloc.o)
                0x0200fd9c                malloc
 .text.free     0x0200fdb8       0x1c c:/urv/bmde/devkitpro/devkitarm/bin/../lib/gcc/arm-none-eabi/6.3.0/../../../../arm-none-eabi/lib\libc.a(lib_a-malloc.o)
                0x0200fdb8                free
 .text._malloc_r
                0x0200fdd4      0x78c c:/urv/bmde/devkitpro/devkitarm/bin/../lib/gcc/arm-none-eabi/6.3.0/../../../../arm-none-eabi/lib\libc.a(lib_a-mallocr.o)
                0x0200fdd4                _malloc_r
 .text._mbrtowc_r
                0x02010560       0xc0 c:/urv/bmde/devkitpro/devkitarm/bin/../lib/gcc/arm-none-eabi/6.3.0/../../../../arm-none-eabi/lib\libc.a(lib_a-mbrtowc.o)
                0x02010560                _mbrtowc_r
 .text.__utf8_mbtowc
                0x02010620      0x30c c:/urv/bmde/devkitpro/devkitarm/bin/../lib/gcc/arm-none-eabi/6.3.0/../../../../arm-none-eabi/lib\libc.a(lib_a-mbtowc_r.o)
                0x02010620                __utf8_mbtowc
 .text.memchr   0x0201092c      0x110 c:/urv/bmde/devkitpro/devkitarm/bin/../lib/gcc/arm-none-eabi/6.3.0/../../../../arm-none-eabi/lib\libc.a(lib_a-memchr-stub.o)
                0x0201092c                memchr
 .text.memmove  0x02010a3c      0x148 c:/urv/bmde/devkitpro/devkitarm/bin/../lib/gcc/arm-none-eabi/6.3.0/../../../../arm-none-eabi/lib\libc.a(lib_a-memmove.o)
                0x02010a3c                memmove
 .text.__malloc_lock
                0x02010b84       0x18 c:/urv/bmde/devkitpro/devkitarm/bin/../lib/gcc/arm-none-eabi/6.3.0/../../../../arm-none-eabi/lib\libc.a(lib_a-mlock.o)
                0x02010b84                __malloc_lock
 .text.__malloc_unlock
                0x02010b9c       0x18 c:/urv/bmde/devkitpro/devkitarm/bin/../lib/gcc/arm-none-eabi/6.3.0/../../../../arm-none-eabi/lib\libc.a(lib_a-mlock.o)
                0x02010b9c                __malloc_unlock
 .text._Balloc  0x02010bb4       0x8c c:/urv/bmde/devkitpro/devkitarm/bin/../lib/gcc/arm-none-eabi/6.3.0/../../../../arm-none-eabi/lib\libc.a(lib_a-mprec.o)
                0x02010bb4                _Balloc
 .text._Bfree   0x02010c40       0x1c c:/urv/bmde/devkitpro/devkitarm/bin/../lib/gcc/arm-none-eabi/6.3.0/../../../../arm-none-eabi/lib\libc.a(lib_a-mprec.o)
                0x02010c40                _Bfree
 .text.__multadd
                0x02010c5c       0xdc c:/urv/bmde/devkitpro/devkitarm/bin/../lib/gcc/arm-none-eabi/6.3.0/../../../../arm-none-eabi/lib\libc.a(lib_a-mprec.o)
                0x02010c5c                __multadd
 .text.__hi0bits
                0x02010d38       0x58 c:/urv/bmde/devkitpro/devkitarm/bin/../lib/gcc/arm-none-eabi/6.3.0/../../../../arm-none-eabi/lib\libc.a(lib_a-mprec.o)
                0x02010d38                __hi0bits
 .text.__lo0bits
                0x02010d90       0xa0 c:/urv/bmde/devkitpro/devkitarm/bin/../lib/gcc/arm-none-eabi/6.3.0/../../../../arm-none-eabi/lib\libc.a(lib_a-mprec.o)
                0x02010d90                __lo0bits
 .text.__i2b    0x02010e30       0x24 c:/urv/bmde/devkitpro/devkitarm/bin/../lib/gcc/arm-none-eabi/6.3.0/../../../../arm-none-eabi/lib\libc.a(lib_a-mprec.o)
                0x02010e30                __i2b
 .text.__multiply
                0x02010e54      0x1d0 c:/urv/bmde/devkitpro/devkitarm/bin/../lib/gcc/arm-none-eabi/6.3.0/../../../../arm-none-eabi/lib\libc.a(lib_a-mprec.o)
                0x02010e54                __multiply
 .text.__pow5mult
                0x02011024      0x104 c:/urv/bmde/devkitpro/devkitarm/bin/../lib/gcc/arm-none-eabi/6.3.0/../../../../arm-none-eabi/lib\libc.a(lib_a-mprec.o)
                0x02011024                __pow5mult
 .text.__lshift
                0x02011128       0xe8 c:/urv/bmde/devkitpro/devkitarm/bin/../lib/gcc/arm-none-eabi/6.3.0/../../../../arm-none-eabi/lib\libc.a(lib_a-mprec.o)
                0x02011128                __lshift
 .text.__mcmp   0x02011210       0x60 c:/urv/bmde/devkitpro/devkitarm/bin/../lib/gcc/arm-none-eabi/6.3.0/../../../../arm-none-eabi/lib\libc.a(lib_a-mprec.o)
                0x02011210                __mcmp
 .text.__mdiff  0x02011270      0x1a8 c:/urv/bmde/devkitpro/devkitarm/bin/../lib/gcc/arm-none-eabi/6.3.0/../../../../arm-none-eabi/lib\libc.a(lib_a-mprec.o)
                0x02011270                __mdiff
 .text.__d2b    0x02011418      0x110 c:/urv/bmde/devkitpro/devkitarm/bin/../lib/gcc/arm-none-eabi/6.3.0/../../../../arm-none-eabi/lib\libc.a(lib_a-mprec.o)
                0x02011418                __d2b
 .text._realloc_r
                0x02011528      0x4d4 c:/urv/bmde/devkitpro/devkitarm/bin/../lib/gcc/arm-none-eabi/6.3.0/../../../../arm-none-eabi/lib\libc.a(lib_a-reallocr.o)
                0x02011528                _realloc_r
 .text.__sccl   0x020119fc       0xd0 c:/urv/bmde/devkitpro/devkitarm/bin/../lib/gcc/arm-none-eabi/6.3.0/../../../../arm-none-eabi/lib\libc.a(lib_a-sccl.o)
                0x020119fc                __sccl
 .text.frexp    0x02011acc       0x98 c:/urv/bmde/devkitpro/devkitarm/bin/../lib/gcc/arm-none-eabi/6.3.0/../../../../arm-none-eabi/lib\libc.a(lib_a-s_frexp.o)
                0x02011acc                frexp
 .text.strncpy  0x02011b64       0xdc c:/urv/bmde/devkitpro/devkitarm/bin/../lib/gcc/arm-none-eabi/6.3.0/../../../../arm-none-eabi/lib\libc.a(lib_a-strncpy.o)
                0x02011b64                strncpy
 .text._strtoll_l.isra.0
                0x02011c40      0x2e0 c:/urv/bmde/devkitpro/devkitarm/bin/../lib/gcc/arm-none-eabi/6.3.0/../../../../arm-none-eabi/lib\libc.a(lib_a-strtoll.o)
 .text._strtoll_r
                0x02011f20       0x54 c:/urv/bmde/devkitpro/devkitarm/bin/../lib/gcc/arm-none-eabi/6.3.0/../../../../arm-none-eabi/lib\libc.a(lib_a-strtoll.o)
                0x02011f20                _strtoll_r
 .text._strtol_l.isra.0
                0x02011f74      0x220 c:/urv/bmde/devkitpro/devkitarm/bin/../lib/gcc/arm-none-eabi/6.3.0/../../../../arm-none-eabi/lib\libc.a(lib_a-strtol.o)
 .text._strtol_r
                0x02012194       0x54 c:/urv/bmde/devkitpro/devkitarm/bin/../lib/gcc/arm-none-eabi/6.3.0/../../../../arm-none-eabi/lib\libc.a(lib_a-strtol.o)
                0x02012194                _strtol_r
 .text._strtoull_l.isra.0
                0x020121e8      0x278 c:/urv/bmde/devkitpro/devkitarm/bin/../lib/gcc/arm-none-eabi/6.3.0/../../../../arm-none-eabi/lib\libc.a(lib_a-strtoull.o)
 .text._strtoull_r
                0x02012460       0x54 c:/urv/bmde/devkitpro/devkitarm/bin/../lib/gcc/arm-none-eabi/6.3.0/../../../../arm-none-eabi/lib\libc.a(lib_a-strtoull.o)
                0x02012460                _strtoull_r
 .text._strtoul_l.isra.0
                0x020124b4      0x1e8 c:/urv/bmde/devkitpro/devkitarm/bin/../lib/gcc/arm-none-eabi/6.3.0/../../../../arm-none-eabi/lib\libc.a(lib_a-strtoul.o)
 .text._strtoul_r
                0x0201269c       0x54 c:/urv/bmde/devkitpro/devkitarm/bin/../lib/gcc/arm-none-eabi/6.3.0/../../../../arm-none-eabi/lib\libc.a(lib_a-strtoul.o)
                0x0201269c                _strtoul_r
 .text._wcsnrtombs_l
                0x020126f0      0x180 c:/urv/bmde/devkitpro/devkitarm/bin/../lib/gcc/arm-none-eabi/6.3.0/../../../../arm-none-eabi/lib\libc.a(lib_a-wcsnrtombs.o)
                0x020126f0                _wcsnrtombs_l
 .text._wcsnrtombs_r
                0x02012870       0x68 c:/urv/bmde/devkitpro/devkitarm/bin/../lib/gcc/arm-none-eabi/6.3.0/../../../../arm-none-eabi/lib\libc.a(lib_a-wcsnrtombs.o)
                0x02012870                _wcsnrtombs_r
 .text.__utf8_wctomb
                0x020128d8       0xec c:/urv/bmde/devkitpro/devkitarm/bin/../lib/gcc/arm-none-eabi/6.3.0/../../../../arm-none-eabi/lib\libc.a(lib_a-wctomb_r.o)
                0x020128d8                __utf8_wctomb
 .text._calloc_r
                0x020129c4       0x98 c:/urv/bmde/devkitpro/devkitarm/bin/../lib/gcc/arm-none-eabi/6.3.0/../../../../arm-none-eabi/lib\libc.a(lib_a-callocr.o)
                0x020129c4                _calloc_r
 .text._fclose_r
                0x02012a5c      0x160 c:/urv/bmde/devkitpro/devkitarm/bin/../lib/gcc/arm-none-eabi/6.3.0/../../../../arm-none-eabi/lib\libc.a(lib_a-fclose.o)
                0x02012a5c                _fclose_r
 .text.null_write
                0x02012bbc        0x8 c:/urv/bmde/devkitpro/devkitarm/bin/../lib/gcc/arm-none-eabi/6.3.0/../../../../arm-none-eabi/lib\libsysbase.a(iosupport.o)
 .text._close_r
                0x02012bc4       0x90 c:/urv/bmde/devkitpro/devkitarm/bin/../lib/gcc/arm-none-eabi/6.3.0/../../../../arm-none-eabi/lib\libsysbase.a(close.o)
                0x02012bc4                _close_r
 .text._fstat_r
                0x02012c54       0x80 c:/urv/bmde/devkitpro/devkitarm/bin/../lib/gcc/arm-none-eabi/6.3.0/../../../../arm-none-eabi/lib\libsysbase.a(fstat.o)
                0x02012c54                _fstat_r
 .text._gettimeofday_r
                0x02012cd4       0x28 c:/urv/bmde/devkitpro/devkitarm/bin/../lib/gcc/arm-none-eabi/6.3.0/../../../../arm-none-eabi/lib\libsysbase.a(gettod.o)
                0x02012cd4                _gettimeofday_r
 .text._isatty_r
                0x02012cfc        0x8 c:/urv/bmde/devkitpro/devkitarm/bin/../lib/gcc/arm-none-eabi/6.3.0/../../../../arm-none-eabi/lib\libsysbase.a(isatty.o)
                0x02012cfc                _isatty_r
 .text._lseek_r
                0x02012d04       0x94 c:/urv/bmde/devkitpro/devkitarm/bin/../lib/gcc/arm-none-eabi/6.3.0/../../../../arm-none-eabi/lib\libsysbase.a(lseek.o)
                0x02012d04                _lseek_r
 .text._read_r  0x02012d98       0x8c c:/urv/bmde/devkitpro/devkitarm/bin/../lib/gcc/arm-none-eabi/6.3.0/../../../../arm-none-eabi/lib\libsysbase.a(read.o)
                0x02012d98                _read_r
 .text._sbrk_r  0x02012e24       0x70 c:/urv/bmde/devkitpro/devkitarm/bin/../lib/gcc/arm-none-eabi/6.3.0/../../../../arm-none-eabi/lib\libsysbase.a(sbrk.o)
                0x02012e24                _sbrk_r
 .text._write_r
                0x02012e94       0x8c c:/urv/bmde/devkitpro/devkitarm/bin/../lib/gcc/arm-none-eabi/6.3.0/../../../../arm-none-eabi/lib\libsysbase.a(write.o)
                0x02012e94                _write_r
 .text.build_argv
                0x02012f20       0x7c c:/urv/bmde/devkitpro/devkitarm/bin/../lib/gcc/arm-none-eabi/6.3.0/../../../../arm-none-eabi/lib\libsysbase.a(build_argv.o)
                0x02012f20                build_argv
 .text.__flockfile
                0x02012f9c       0x14 c:/urv/bmde/devkitpro/devkitarm/bin/../lib/gcc/arm-none-eabi/6.3.0/../../../../arm-none-eabi/lib\libsysbase.a(flock.o)
                0x02012f9c                __flockfile
 .text.__funlockfile
                0x02012fb0       0x14 c:/urv/bmde/devkitpro/devkitarm/bin/../lib/gcc/arm-none-eabi/6.3.0/../../../../arm-none-eabi/lib\libsysbase.a(flock.o)
                0x02012fb0                __funlockfile
 .text.__libc_lock_acquire
                0x02012fc4       0x18 c:/urv/bmde/devkitpro/devkitarm/bin/../lib/gcc/arm-none-eabi/6.3.0/../../../../arm-none-eabi/lib\libsysbase.a(syscall_support.o)
                0x02012fc4                __libc_lock_acquire
 .text.__libc_lock_release
                0x02012fdc       0x18 c:/urv/bmde/devkitpro/devkitarm/bin/../lib/gcc/arm-none-eabi/6.3.0/../../../../arm-none-eabi/lib\libsysbase.a(syscall_support.o)
                0x02012fdc                __libc_lock_release
 .text.__libc_lock_init_recursive
                0x02012ff4       0x18 c:/urv/bmde/devkitpro/devkitarm/bin/../lib/gcc/arm-none-eabi/6.3.0/../../../../arm-none-eabi/lib\libsysbase.a(syscall_support.o)
                0x02012ff4                __libc_lock_init_recursive
 .text.__libc_lock_acquire_recursive
                0x0201300c       0x18 c:/urv/bmde/devkitpro/devkitarm/bin/../lib/gcc/arm-none-eabi/6.3.0/../../../../arm-none-eabi/lib\libsysbase.a(syscall_support.o)
                0x0201300c                __libc_lock_acquire_recursive
 .text.__libc_lock_release_recursive
                0x02013024       0x18 c:/urv/bmde/devkitpro/devkitarm/bin/../lib/gcc/arm-none-eabi/6.3.0/../../../../arm-none-eabi/lib\libsysbase.a(syscall_support.o)
                0x02013024                __libc_lock_release_recursive
 .text.__libc_lock_close_recursive
                0x0201303c       0x18 c:/urv/bmde/devkitpro/devkitarm/bin/../lib/gcc/arm-none-eabi/6.3.0/../../../../arm-none-eabi/lib\libsysbase.a(syscall_support.o)
                0x0201303c                __libc_lock_close_recursive
 .text.__free_handle
                0x02013054       0x58 c:/urv/bmde/devkitpro/devkitarm/bin/../lib/gcc/arm-none-eabi/6.3.0/../../../../arm-none-eabi/lib\libsysbase.a(handle_manager.o)
                0x02013054                __free_handle
 .text.__release_handle
                0x020130ac       0x44 c:/urv/bmde/devkitpro/devkitarm/bin/../lib/gcc/arm-none-eabi/6.3.0/../../../../arm-none-eabi/lib\libsysbase.a(handle_manager.o)
                0x020130ac                __release_handle
 .text.__get_handle
                0x020130f0       0x18 c:/urv/bmde/devkitpro/devkitarm/bin/../lib/gcc/arm-none-eabi/6.3.0/../../../../arm-none-eabi/lib\libsysbase.a(handle_manager.o)
                0x020130f0                __get_handle
 .text.__getreent
                0x02013108       0x24 c:/urv/bmde/devkitpro/devkitarm/bin/../lib/gcc/arm-none-eabi/6.3.0/../../../../arm-none-eabi/lib\libsysbase.a(getreent.o)
                0x02013108                __getreent
 .text.__udivmoddi4
                0x0201312c      0x12c c:/urv/bmde/devkitpro/devkitarm/bin/../lib/gcc/arm-none-eabi/6.3.0\libgcc.a(_udivmoddi4.o)
                0x0201312c                __udivmoddi4
 .text.__udivmoddi4.__stub
                0x02013258       0x80 linker stubs
 *(EXCLUDE_FILE(*.twl*) .gnu.warning)
 *(EXCLUDE_FILE(*.twl*) .gnu.linkonce.t*)
 *(.glue_7)
 .glue_7        0x020132e8        0x0 linker stubs
 *(.glue_7t)
 .glue_7t       0x020132e8        0x0 linker stubs
                0x020132e8                . = ALIGN (0x4)

.vfp11_veneer   0x020132e8        0x0
 .vfp11_veneer  0x020132e8        0x0 linker stubs

.v4_bx          0x020132e8        0x0
 .v4_bx         0x020132e8        0x0 linker stubs

.iplt           0x020132e8        0x0
 .iplt          0x020132e8        0x0 c:/urv/bmde/devkitpro/devkitarm/bin/../lib/gcc/arm-none-eabi/6.3.0/../../../../arm-none-eabi/lib/ds_arm9_crt0.o

.fini           0x020132e8       0x18
 *(.fini)
 .fini          0x020132e8        0xc c:/urv/bmde/devkitpro/devkitarm/bin/../lib/gcc/arm-none-eabi/6.3.0/crti.o
                0x020132e8                _fini
 .fini          0x020132f4        0xc c:/urv/bmde/devkitpro/devkitarm/bin/../lib/gcc/arm-none-eabi/6.3.0/crtn.o
                0x02013300                __text_end = .

.rodata         0x02013300     0x5f88
 *(EXCLUDE_FILE(*.twl*) .rodata)
 .rodata        0x02013300     0x2004 c:/URV/bmde/devkitPro/libnds/lib\libnds9.a(default_font.bin.o)
                0x02013300                default_font_bin
                0x02015300                default_font_bin_size
                0x02015300                default_font_bin_end
 *all.rodata*(*)
 *(EXCLUDE_FILE(*.twl*) .roda)
 *(EXCLUDE_FILE(*.twl*) .rodata.*)
 .rodata.str1.4
                0x02015304       0xda mm_main.o
 *fill*         0x020153de        0x2 ff
 .rodata.str1.4
                0x020153e0      0x217 mm_support.o
 *fill*         0x020155f7        0x1 ff
 .rodata.con_write
                0x020155f8       0xd4 c:/URV/bmde/devkitPro/libnds/lib\libnds9.a(console.o)
 .rodata.con_write.str1.4
                0x020156cc       0x30 c:/URV/bmde/devkitPro/libnds/lib\libnds9.a(console.o)
 .rodata.dotab_stdout
                0x020156fc       0x68 c:/URV/bmde/devkitPro/libnds/lib\libnds9.a(console.o)
 .rodata.str1.4
                0x02015764       0x14 c:/URV/bmde/devkitPro/libnds/lib\libnds9.a(console.o)
 .rodata.SIN_LUT
                0x02015778      0x102 c:/URV/bmde/devkitPro/libnds/lib\libnds9.a(trig.o)
                0x02015778                SIN_LUT
 .rodata._puts_r.str1.4
                0x0201587a       0x14 c:/urv/bmde/devkitpro/devkitarm/bin/../lib/gcc/arm-none-eabi/6.3.0/../../../../arm-none-eabi/lib\libc.a(lib_a-puts.o)
                                  0x2 (size before relaxing)
 *fill*         0x0201587a        0x2 ff
 .rodata.basefix.6811
                0x0201587c       0x22 c:/urv/bmde/devkitpro/devkitarm/bin/../lib/gcc/arm-none-eabi/6.3.0/../../../../arm-none-eabi/lib\libc.a(lib_a-svfiscanf.o)
 *fill*         0x0201589e        0x2 ff
 .rodata._vfprintf_r.str1.4
                0x020158a0       0x42 c:/urv/bmde/devkitpro/devkitarm/bin/../lib/gcc/arm-none-eabi/6.3.0/../../../../arm-none-eabi/lib\libc.a(lib_a-vfprintf.o)
 *fill*         0x020158e2        0x2 ff
 .rodata.blanks.7292
                0x020158e4       0x10 c:/urv/bmde/devkitpro/devkitarm/bin/../lib/gcc/arm-none-eabi/6.3.0/../../../../arm-none-eabi/lib\libc.a(lib_a-vfprintf.o)
 .rodata.zeroes.7293
                0x020158f4       0x10 c:/urv/bmde/devkitpro/devkitarm/bin/../lib/gcc/arm-none-eabi/6.3.0/../../../../arm-none-eabi/lib\libc.a(lib_a-vfprintf.o)
 .rodata._dtoa_r.str1.4
                0x02015904       0x10 c:/urv/bmde/devkitpro/devkitarm/bin/../lib/gcc/arm-none-eabi/6.3.0/../../../../arm-none-eabi/lib\libc.a(lib_a-dtoa.o)
                                 0x12 (size before relaxing)
 .rodata._jp2uc.str1.4
                0x02015914       0x12 c:/urv/bmde/devkitpro/devkitarm/bin/../lib/gcc/arm-none-eabi/6.3.0/../../../../arm-none-eabi/lib\libc.a(lib_a-jp2uc.o)
 *fill*         0x02015926        0x2 ff
 .rodata.a1     0x02015928       0xbc c:/urv/bmde/devkitpro/devkitarm/bin/../lib/gcc/arm-none-eabi/6.3.0/../../../../arm-none-eabi/lib\libc.a(lib_a-jp2uc.o)
 .rodata.a2     0x020159e4       0xbc c:/urv/bmde/devkitpro/devkitarm/bin/../lib/gcc/arm-none-eabi/6.3.0/../../../../arm-none-eabi/lib\libc.a(lib_a-jp2uc.o)
 .rodata.a3     0x02015aa0       0x5b c:/urv/bmde/devkitpro/devkitarm/bin/../lib/gcc/arm-none-eabi/6.3.0/../../../../arm-none-eabi/lib\libc.a(lib_a-jp2uc.o)
 *fill*         0x02015afb        0x1 ff
 .rodata.a6     0x02015afc       0x70 c:/urv/bmde/devkitpro/devkitarm/bin/../lib/gcc/arm-none-eabi/6.3.0/../../../../arm-none-eabi/lib\libc.a(lib_a-jp2uc.o)
 .rodata.a7     0x02015b6c       0xa2 c:/urv/bmde/devkitpro/devkitarm/bin/../lib/gcc/arm-none-eabi/6.3.0/../../../../arm-none-eabi/lib\libc.a(lib_a-jp2uc.o)
 *fill*         0x02015c0e        0x2 ff
 .rodata.a8     0x02015c10       0x40 c:/urv/bmde/devkitpro/devkitarm/bin/../lib/gcc/arm-none-eabi/6.3.0/../../../../arm-none-eabi/lib\libc.a(lib_a-jp2uc.o)
 .rodata.b02cf  0x02015c50     0x172a c:/urv/bmde/devkitpro/devkitarm/bin/../lib/gcc/arm-none-eabi/6.3.0/../../../../arm-none-eabi/lib\libc.a(lib_a-jp2uc.o)
 *fill*         0x0201737a        0x2 ff
 .rodata.d02f4  0x0201737c     0x1a7c c:/urv/bmde/devkitpro/devkitarm/bin/../lib/gcc/arm-none-eabi/6.3.0/../../../../arm-none-eabi/lib\libc.a(lib_a-jp2uc.o)
 .rodata.str1.4
                0x02018df8       0x44 c:/urv/bmde/devkitpro/devkitarm/bin/../lib/gcc/arm-none-eabi/6.3.0/../../../../arm-none-eabi/lib\libc.a(lib_a-locale.o)
                                 0x4c (size before relaxing)
 .rodata._mbrtowc_r.str1.4
                0x02018e3c        0x1 c:/urv/bmde/devkitpro/devkitarm/bin/../lib/gcc/arm-none-eabi/6.3.0/../../../../arm-none-eabi/lib\libc.a(lib_a-mbrtowc.o)
 *fill*         0x02018e3c        0x4 ff
 .rodata.__mprec_bigtens
                0x02018e40       0x28 c:/urv/bmde/devkitpro/devkitarm/bin/../lib/gcc/arm-none-eabi/6.3.0/../../../../arm-none-eabi/lib\libc.a(lib_a-mprec.o)
                0x02018e40                __mprec_bigtens
 .rodata.__mprec_tens
                0x02018e68       0xc8 c:/urv/bmde/devkitpro/devkitarm/bin/../lib/gcc/arm-none-eabi/6.3.0/../../../../arm-none-eabi/lib\libc.a(lib_a-mprec.o)
                0x02018e68                __mprec_tens
 .rodata.p05.6068
                0x02018f30        0xc c:/urv/bmde/devkitpro/devkitarm/bin/../lib/gcc/arm-none-eabi/6.3.0/../../../../arm-none-eabi/lib\libc.a(lib_a-mprec.o)
 .rodata.__action_table
                0x02018f3c       0x6c c:/urv/bmde/devkitpro/devkitarm/bin/../lib/gcc/arm-none-eabi/6.3.0/../../../../arm-none-eabi/lib\libc.a(lib_a-svfiprintf.o)
                0x02018f3c                __action_table
 .rodata.__chclass
                0x02018fa8      0x100 c:/urv/bmde/devkitpro/devkitarm/bin/../lib/gcc/arm-none-eabi/6.3.0/../../../../arm-none-eabi/lib\libc.a(lib_a-svfiprintf.o)
                0x02018fa8                __chclass
 .rodata.__state_table
                0x020190a8       0x6c c:/urv/bmde/devkitpro/devkitarm/bin/../lib/gcc/arm-none-eabi/6.3.0/../../../../arm-none-eabi/lib\libc.a(lib_a-svfiprintf.o)
                0x020190a8                __state_table
 .rodata._ctype_
                0x02019114      0x101 c:/urv/bmde/devkitpro/devkitarm/bin/../lib/gcc/arm-none-eabi/6.3.0/../../../../arm-none-eabi/lib\libc.a(lib_a-ctype_.o)
                0x02019114                _ctype_
 *fill*         0x02019215        0x3 ff
 .rodata.AddDevice.str1.4
                0x02019218        0x8 c:/urv/bmde/devkitpro/devkitarm/bin/../lib/gcc/arm-none-eabi/6.3.0/../../../../arm-none-eabi/lib\libsysbase.a(iosupport.o)
 .rodata.dotab_stdnull
                0x02019220       0x68 c:/urv/bmde/devkitpro/devkitarm/bin/../lib/gcc/arm-none-eabi/6.3.0/../../../../arm-none-eabi/lib\libsysbase.a(iosupport.o)
                0x02019220                dotab_stdnull
 *(EXCLUDE_FILE(*.twl*) .gnu.linkonce.r*)
                0x02019288                . = ALIGN (0x4)

.ARM.extab
 *(.ARM.extab* .gnu.linkonce.armextab.*)
                0x02019288                __exidx_start = .

ARM.exidx
 *(.ARM.exidx* .gnu.linkonce.armexidx.*)
                0x02019288                __exidx_end = .
                0x02019288                . = ALIGN (0x4)
                0x02019288                PROVIDE (__preinit_array_start, .)

.preinit_array
 *(.preinit_array)
                0x02019288                PROVIDE (__preinit_array_end, .)
                0x02019288                PROVIDE (__init_array_start, .)

.init_array     0x02019288        0x4
 *(SORT(.init_array.*))
 *(.init_array)
 .init_array    0x02019288        0x4 c:/urv/bmde/devkitpro/devkitarm/bin/../lib/gcc/arm-none-eabi/6.3.0/crtbegin.o
                0x0201928c                PROVIDE (__init_array_end, .)
                [!provide]                PROVIDE (__fini_array_start, .)

.fini_array     0x0201928c        0x4
 *(.fini_array)
 .fini_array    0x0201928c        0x4 c:/urv/bmde/devkitpro/devkitarm/bin/../lib/gcc/arm-none-eabi/6.3.0/crtbegin.o
 *(SORT(.fini_array.*))
                [!provide]                PROVIDE (__fini_array_end, .)

.ctors          0x02019290        0x0
 *crtbegin.o(.ctors)
 *(EXCLUDE_FILE(*crtend.o) .ctors)
 *(SORT(.ctors.*))
 *(.ctors)
                0x02019290                . = ALIGN (0x4)

.dtors          0x02019290        0x0
 *crtbegin.o(.dtors)
 *(EXCLUDE_FILE(*crtend.o) .dtors)
 *(SORT(.dtors.*))
 *(.dtors)
                0x02019290                . = ALIGN (0x4)

.eh_frame       0x02019290        0x4
 *(.eh_frame)
 .eh_frame      0x02019290        0x0 c:/urv/bmde/devkitpro/devkitarm/bin/../lib/gcc/arm-none-eabi/6.3.0/crtbegin.o
 .eh_frame      0x02019290        0x4 c:/urv/bmde/devkitpro/devkitarm/bin/../lib/gcc/arm-none-eabi/6.3.0/crtend.o
                0x02019294                . = ALIGN (0x4)

.rel.dyn        0x02019294        0x0
 .rel.iplt      0x02019294        0x0 c:/urv/bmde/devkitpro/devkitarm/bin/../lib/gcc/arm-none-eabi/6.3.0/../../../../arm-none-eabi/lib/ds_arm9_crt0.o

.gcc_except_table
                0x02019294        0x0
 *(.gcc_except_table)
                0x02019294                . = ALIGN (0x4)

.jcr            0x02019294        0x4
 *(.jcr)
 .jcr           0x02019294        0x0 c:/urv/bmde/devkitpro/devkitarm/bin/../lib/gcc/arm-none-eabi/6.3.0/crtbegin.o
 .jcr           0x02019294        0x4 c:/urv/bmde/devkitpro/devkitarm/bin/../lib/gcc/arm-none-eabi/6.3.0/crtend.o

.got
 *(.got.plt)
 *(.got)
 *(.rel.got)

.ewram          0x02019298        0x0
                0x02019298                __ewram_start = ABSOLUTE (.)
 *(.ewram)
 *ewram.*(.text)
                0x02019298                . = ALIGN (0x4)

.data           0x02019298     0x1b70
                0x02019298                __data_start = ABSOLUTE (.)
 *(EXCLUDE_FILE(*.twl*) .data)
 .data          0x02019298       0x28 c:/URV/bmde/devkitPro/libnds/lib\libnds9.a(mpu_setup.o)
 *(EXCLUDE_FILE(*.twl*) .data.*)
 .data.currentConsole
                0x020192c0        0x4 c:/URV/bmde/devkitPro/libnds/lib\libnds9.a(console.o)
                0x020192c0                currentConsole
 .data.defaultConsole
                0x020192c4       0x5c c:/URV/bmde/devkitPro/libnds/lib\libnds9.a(console.o)
                0x020192c4                defaultConsole
 .data.firstConsoleInit.6480
                0x02019320        0x1 c:/URV/bmde/devkitPro/libnds/lib\libnds9.a(console.o)
 *fill*         0x02019321        0x3 ff
 .data.bgControl
                0x02019324       0x20 c:/URV/bmde/devkitPro/libnds/lib\libnds9.a(background.o)
                0x02019324                bgControl
 .data.bgScrollTable
                0x02019344       0x20 c:/URV/bmde/devkitPro/libnds/lib\libnds9.a(background.o)
                0x02019344                bgScrollTable
 .data.bgTransform
                0x02019364       0x20 c:/URV/bmde/devkitPro/libnds/lib\libnds9.a(background.o)
                0x02019364                bgTransform
 .data.count    0x02019384        0x1 c:/URV/bmde/devkitPro/libnds/lib\libnds9.a(keys.o)
 .data.delay    0x02019385        0x1 c:/URV/bmde/devkitPro/libnds/lib\libnds9.a(keys.o)
 .data.repeat   0x02019386        0x1 c:/URV/bmde/devkitPro/libnds/lib\libnds9.a(keys.o)
 *fill*         0x02019387        0x1 ff
 .data.fifo_buffer_free
                0x02019388        0x4 c:/URV/bmde/devkitPro/libnds/lib\libnds9.a(fifosystem.o)
                0x02019388                fifo_buffer_free
 .data.fifo_freewords
                0x0201938c        0x4 c:/URV/bmde/devkitPro/libnds/lib\libnds9.a(fifosystem.o)
                0x0201938c                fifo_freewords
 .data.fifo_receive_queue
                0x02019390        0x4 c:/URV/bmde/devkitPro/libnds/lib\libnds9.a(fifosystem.o)
                0x02019390                fifo_receive_queue
 .data.fifo_send_queue
                0x02019394        0x4 c:/URV/bmde/devkitPro/libnds/lib\libnds9.a(fifosystem.o)
                0x02019394                fifo_send_queue
 .data.__sfp_lock
                0x02019398        0xc c:/urv/bmde/devkitpro/devkitarm/bin/../lib/gcc/arm-none-eabi/6.3.0/../../../../arm-none-eabi/lib\libc.a(lib_a-findfp.o)
 .data.__sinit_lock
                0x020193a4        0xc c:/urv/bmde/devkitpro/devkitarm/bin/../lib/gcc/arm-none-eabi/6.3.0/../../../../arm-none-eabi/lib\libc.a(lib_a-findfp.o)
 .data._impure_ptr
                0x020193b0        0x4 c:/urv/bmde/devkitpro/devkitarm/bin/../lib/gcc/arm-none-eabi/6.3.0/../../../../arm-none-eabi/lib\libc.a(lib_a-impure.o)
                0x020193b0                _impure_ptr
 *fill*         0x020193b4        0x4 ff
 .data.impure_data
                0x020193b8      0x460 c:/urv/bmde/devkitpro/devkitarm/bin/../lib/gcc/arm-none-eabi/6.3.0/../../../../arm-none-eabi/lib\libc.a(lib_a-impure.o)
 .data.__global_locale
                0x02019818      0x16c c:/urv/bmde/devkitpro/devkitarm/bin/../lib/gcc/arm-none-eabi/6.3.0/../../../../arm-none-eabi/lib\libc.a(lib_a-locale.o)
                0x02019818                __global_locale
 .data.__malloc_av_
                0x02019984      0x408 c:/urv/bmde/devkitpro/devkitarm/bin/../lib/gcc/arm-none-eabi/6.3.0/../../../../arm-none-eabi/lib\libc.a(lib_a-mallocr.o)
                0x02019984                __malloc_av_
 .data.__malloc_sbrk_base
                0x02019d8c        0x4 c:/urv/bmde/devkitpro/devkitarm/bin/../lib/gcc/arm-none-eabi/6.3.0/../../../../arm-none-eabi/lib\libc.a(lib_a-mallocr.o)
                0x02019d8c                __malloc_sbrk_base
 .data.__malloc_trim_threshold
                0x02019d90        0x4 c:/urv/bmde/devkitpro/devkitarm/bin/../lib/gcc/arm-none-eabi/6.3.0/../../../../arm-none-eabi/lib\libc.a(lib_a-mallocr.o)
                0x02019d90                __malloc_trim_threshold
 .data.__malloc_lock_object
                0x02019d94        0xc c:/urv/bmde/devkitpro/devkitarm/bin/../lib/gcc/arm-none-eabi/6.3.0/../../../../arm-none-eabi/lib\libc.a(lib_a-mlock.o)
 .data.devoptab_list
                0x02019da0       0x40 c:/urv/bmde/devkitpro/devkitarm/bin/../lib/gcc/arm-none-eabi/6.3.0/../../../../arm-none-eabi/lib\libsysbase.a(iosupport.o)
                0x02019da0                devoptab_list
 .data.__hndl_lock
                0x02019de0        0x4 c:/urv/bmde/devkitpro/devkitarm/bin/../lib/gcc/arm-none-eabi/6.3.0/../../../../arm-none-eabi/lib\libsysbase.a(handle_manager.o)
 .data.__stderr_handle
                0x02019de4        0xc c:/urv/bmde/devkitpro/devkitarm/bin/../lib/gcc/arm-none-eabi/6.3.0/../../../../arm-none-eabi/lib\libsysbase.a(handle_manager.o)
 .data.__stdin_handle
                0x02019df0        0xc c:/urv/bmde/devkitpro/devkitarm/bin/../lib/gcc/arm-none-eabi/6.3.0/../../../../arm-none-eabi/lib\libsysbase.a(handle_manager.o)
 .data.__stdout_handle
                0x02019dfc        0xc c:/urv/bmde/devkitpro/devkitarm/bin/../lib/gcc/arm-none-eabi/6.3.0/../../../../arm-none-eabi/lib\libsysbase.a(handle_manager.o)
 .data.handles  0x02019e08     0x1000 c:/urv/bmde/devkitpro/devkitarm/bin/../lib/gcc/arm-none-eabi/6.3.0/../../../../arm-none-eabi/lib\libsysbase.a(handle_manager.o)
 *(EXCLUDE_FILE(*.twl*) .gnu.linkonce.d*)
                0x0201ae08                . = ALIGN (0x4)
                0x0201ae08                __data_end = ABSOLUTE (.)
                0x0201ae08                __bss_vma = .

.igot.plt       0x0201ae08        0x0
 .igot.plt      0x0201ae08        0x0 c:/urv/bmde/devkitpro/devkitarm/bin/../lib/gcc/arm-none-eabi/6.3.0/../../../../arm-none-eabi/lib/ds_arm9_crt0.o

.tm_clone_table
                0x0201ae08        0x0
 .tm_clone_table
                0x0201ae08        0x0 c:/urv/bmde/devkitpro/devkitarm/bin/../lib/gcc/arm-none-eabi/6.3.0/crtbegin.o
 .tm_clone_table
                0x0201ae08        0x0 c:/urv/bmde/devkitpro/devkitarm/bin/../lib/gcc/arm-none-eabi/6.3.0/crtend.o

.dtcm           0x0b000000        0x0 load address 0x0201ae08
                0x0201ae08                __dtcm_lma = LOADADDR (.dtcm)
                0x0b000000                __dtcm_start = ABSOLUTE (.)
 *(.dtcm)
 *(.dtcm.*)
                0x0b000000                . = ALIGN (0x4)
                0x0b000000                __dtcm_end = ABSOLUTE (.)

.itcm           0x01000100      0x194 load address 0x0201ae08
                0x0201ae08                __itcm_lma = LOADADDR (.itcm)
                0x01000100                __itcm_start = ABSOLUTE (.)
 *(.itcm)
 .itcm          0x01000100       0xc8 c:/URV/bmde/devkitPro/libnds/lib\libnds9.a(interrupts.o)
                0x01000100                irqTable
 .itcm          0x010001c8       0xcc c:/URV/bmde/devkitPro/libnds/lib\libnds9.a(interruptDispatcher.o)
                0x010001c8                IntrMain
 *.itcm*(.text .stub .text.*)
                0x01000294                . = ALIGN (0x4)
                0x01000294                __itcm_end = ABSOLUTE (.)

.vectors        0x01000000        0x0 load address 0x0201af9c
                0x0201af9c                __vectors_lma = LOADADDR (.vectors)
                0x01000000                __vectors_start = ABSOLUTE (.)
 *(.vectors)
 *.vectors*(.text .stub .text.*)
                0x01000000                . = ALIGN (0x4)
                0x01000000                __vectors_end = ABSOLUTE (.)

.sbss           0x0b000000        0x0
                0x0b000000                __sbss_start = ABSOLUTE (.)
                0x0b000000                __sbss_start__ = ABSOLUTE (.)
 *(.sbss)
                0x0b000000                . = ALIGN (0x4)
                0x0b000000                __sbss_end = ABSOLUTE (.)

.bss            0x0201ae08      0xc94
                0x0201ae08                __bss_start = ABSOLUTE (.)
                0x0201ae08                __bss_start__ = ABSOLUTE (.)
 *(EXCLUDE_FILE(*.twl*) .dynbss)
 *(EXCLUDE_FILE(*.twl*) .gnu.linkonce.b*)
 *(EXCLUDE_FILE(*.twl*) .bss*)
 .bss.completed.6497
                0x0201ae08        0x1 c:/urv/bmde/devkitpro/devkitarm/bin/../lib/gcc/arm-none-eabi/6.3.0/crtbegin.o
 *fill*         0x0201ae09        0x3 
 .bss.object.6502
                0x0201ae0c       0x18 c:/urv/bmde/devkitpro/devkitarm/bin/../lib/gcc/arm-none-eabi/6.3.0/crtbegin.o
 .bss.keys      0x0201ae24        0x2 c:/URV/bmde/devkitPro/libnds/lib\libnds9.a(keys.o)
 .bss.keysold   0x0201ae26        0x2 c:/URV/bmde/devkitPro/libnds/lib\libnds9.a(keys.o)
 .bss.keysrepeat
                0x0201ae28        0x2 c:/URV/bmde/devkitPro/libnds/lib\libnds9.a(keys.o)
 *fill*         0x0201ae2a        0x2 
 .bss.__timeout
                0x0201ae2c        0x4 c:/URV/bmde/devkitPro/libnds/lib\libnds9.a(fifosystem.o)
 .bss.processing
                0x0201ae30        0x4 c:/URV/bmde/devkitPro/libnds/lib\libnds9.a(fifosystem.o)
                0x0201ae30                processing
 .bss.SDcallback
                0x0201ae34        0x4 c:/URV/bmde/devkitPro/libnds/lib\libnds9.a(system.o)
 .bss.__malloc_current_mallinfo
                0x0201ae38       0x28 c:/urv/bmde/devkitpro/devkitarm/bin/../lib/gcc/arm-none-eabi/6.3.0/../../../../arm-none-eabi/lib\libc.a(lib_a-mallocr.o)
                0x0201ae38                __malloc_current_mallinfo
 .bss.__malloc_max_sbrked_mem
                0x0201ae60        0x4 c:/urv/bmde/devkitpro/devkitarm/bin/../lib/gcc/arm-none-eabi/6.3.0/../../../../arm-none-eabi/lib\libc.a(lib_a-mallocr.o)
                0x0201ae60                __malloc_max_sbrked_mem
 .bss.__malloc_max_total_mem
                0x0201ae64        0x4 c:/urv/bmde/devkitpro/devkitarm/bin/../lib/gcc/arm-none-eabi/6.3.0/../../../../arm-none-eabi/lib\libc.a(lib_a-mallocr.o)
                0x0201ae64                __malloc_max_total_mem
 .bss.__malloc_top_pad
                0x0201ae68        0x4 c:/urv/bmde/devkitpro/devkitarm/bin/../lib/gcc/arm-none-eabi/6.3.0/../../../../arm-none-eabi/lib\libc.a(lib_a-mallocr.o)
                0x0201ae68                __malloc_top_pad
 .bss.heap_start.5804
                0x0201ae6c        0x4 c:/urv/bmde/devkitpro/devkitarm/bin/../lib/gcc/arm-none-eabi/6.3.0/../../../../arm-none-eabi/lib\libsysbase.a(sbrk.o)
 .bss.fake_heap_end
                0x0201ae70        0x4 c:/urv/bmde/devkitpro/devkitarm/bin/../lib/gcc/arm-none-eabi/6.3.0/../../../../arm-none-eabi/lib\libsysbase.a(malloc_vars.o)
                0x0201ae70                fake_heap_end
 .bss.fake_heap_start
                0x0201ae74        0x4 c:/urv/bmde/devkitpro/devkitarm/bin/../lib/gcc/arm-none-eabi/6.3.0/../../../../arm-none-eabi/lib\libsysbase.a(malloc_vars.o)
                0x0201ae74                fake_heap_start
 .bss.__syscalls
                0x0201ae78       0x38 c:/urv/bmde/devkitpro/devkitarm/bin/../lib/gcc/arm-none-eabi/6.3.0/../../../../arm-none-eabi/lib\libsysbase.a(syscall_support.o)
                0x0201ae78                __syscalls
 *(EXCLUDE_FILE(*.twl*) COMMON)
 COMMON         0x0201aeb0       0x5c c:/URV/bmde/devkitPro/libnds/lib\libnds9.a(console.o)
                0x0201aeb0                currentCopy
 COMMON         0x0201af0c      0x148 c:/URV/bmde/devkitPro/libnds/lib\libnds9.a(background.o)
                0x0201af0c                bgState
                0x0201b04c                bgIsTextLut
 COMMON         0x0201b054        0x1 c:/URV/bmde/devkitPro/libnds/lib\libnds9.a(initSystem.o)
                0x0201b054                __dsimode
 *fill*         0x0201b055        0x3 
 COMMON         0x0201b058        0x4 c:/URV/bmde/devkitPro/libnds/lib\libnds9.a(timeSupport.o)
                0x0201b058                punixTime
 COMMON         0x0201b05c      0xa40 c:/URV/bmde/devkitPro/libnds/lib\libnds9.a(fifosystem.o)
                0x0201b05c                fifo_datamsg_data
                0x0201b09c                fifo_buffer
                0x0201b89c                fifo_value32_func
                0x0201b8dc                fifo_address_func
                0x0201b91c                fifo_value32_data
                0x0201b95c                fifo_value32_queue
                0x0201b99c                fifo_data_queue
                0x0201b9dc                fifo_address_data
                0x0201ba1c                fifo_datamsg_func
                0x0201ba5c                fifo_address_queue
                0x0201ba9c                . = ALIGN (0x4)
                0x0201ba9c                __bss_end__ = ABSOLUTE (.)
                0x0201ba9c                __end__ = ABSOLUTE (.)

.twl            0x0201ba9c        0x0 load address 0x02400000
                0x02400000                __arm9i_lma__ = LOADADDR (.twl)
                0x0201ba9c                __arm9i_start__ = ABSOLUTE (.)
 *(.twl)
 *.twl*(.text .stub .text.* .gnu.linkonce.t.*)
 *.twl*(.rodata)
 *.twl*(.roda)
 *.twl*(.rodata.*)
 *.twl*(.data)
 *.twl*(.data.*)
 *.twl*(.gnu.linkonce.d*)
                0x0201ba9c                __arm9i_end__ = ABSOLUTE (.)

.twl_bss        0x0201ba9c        0x0
                0x0201ba9c                __twl_bss_start__ = ABSOLUTE (.)
 *(.twl_bss)
 *.twl*(.dynbss)
 *.twl*(.gnu.linkonce.b*)
 *.twl*(.bss*)
 *.twl*(COMMON)
                0x0201ba9c                . = ALIGN (0x4)
                0x0201ba9c                __twl_bss_end__ = ABSOLUTE (.)
                0x0201ba9c                __twl_end__ = ABSOLUTE (.)

.stab
 *(.stab)

.stabstr
 *(.stabstr)

.stab.excl
 *(.stab.excl)

.stab.exclstr
 *(.stab.exclstr)

.stab.index
 *(.stab.index)

.stab.indexstr
 *(.stab.indexstr)

.comment        0x00000000       0x22
 *(.comment)
 .comment       0x00000000       0x22 c:/urv/bmde/devkitpro/devkitarm/bin/../lib/gcc/arm-none-eabi/6.3.0/crtbegin.o
                                 0x23 (size before relaxing)
 .comment       0x00000022       0x23 mm_main.o
 .comment       0x00000022       0x23 mm_support.o
 .comment       0x00000022       0x23 c:/URV/bmde/devkitPro/libnds/lib\libnds9.a(console.o)
 .comment       0x00000022       0x23 c:/URV/bmde/devkitPro/libnds/lib\libnds9.a(background.o)
 .comment       0x00000022       0x23 c:/URV/bmde/devkitPro/libnds/lib\libnds9.a(trig.o)
 .comment       0x00000022       0x23 c:/URV/bmde/devkitPro/libnds/lib\libnds9.a(keys.o)
 .comment       0x00000022       0x23 c:/URV/bmde/devkitPro/libnds/lib\libnds9.a(initSystem.o)
 .comment       0x00000022       0x23 c:/URV/bmde/devkitPro/libnds/lib\libnds9.a(timeSupport.o)
 .comment       0x00000022       0x23 c:/URV/bmde/devkitPro/libnds/lib\libnds9.a(securearea.o)
 .comment       0x00000022       0x23 c:/URV/bmde/devkitPro/libnds/lib\libnds9.a(interrupts.o)
 .comment       0x00000022       0x23 c:/URV/bmde/devkitPro/libnds/lib\libnds9.a(libnds_exit.arm.o)
 .comment       0x00000022       0x23 c:/URV/bmde/devkitPro/libnds/lib\libnds9.a(fifosystem.o)
 .comment       0x00000022       0x23 c:/URV/bmde/devkitPro/libnds/lib\libnds9.a(video.o)
 .comment       0x00000022       0x23 c:/URV/bmde/devkitPro/libnds/lib\libnds9.a(system.o)
 .comment       0x00000022       0x23 c:/urv/bmde/devkitpro/devkitarm/bin/../lib/gcc/arm-none-eabi/6.3.0/../../../../arm-none-eabi/lib\libc.a(lib_a-init.o)
 .comment       0x00000022       0x23 c:/urv/bmde/devkitpro/devkitarm/bin/../lib/gcc/arm-none-eabi/6.3.0/../../../../arm-none-eabi/lib\libc.a(lib_a-memcpy-stub.o)
 .comment       0x00000022       0x23 c:/urv/bmde/devkitpro/devkitarm/bin/../lib/gcc/arm-none-eabi/6.3.0/../../../../arm-none-eabi/lib\libc.a(lib_a-memset.o)
 .comment       0x00000022       0x23 c:/urv/bmde/devkitpro/devkitarm/bin/../lib/gcc/arm-none-eabi/6.3.0/../../../../arm-none-eabi/lib\libc.a(lib_a-printf.o)
 .comment       0x00000022       0x23 c:/urv/bmde/devkitpro/devkitarm/bin/../lib/gcc/arm-none-eabi/6.3.0/../../../../arm-none-eabi/lib\libc.a(lib_a-putchar.o)
 .comment       0x00000022       0x23 c:/urv/bmde/devkitpro/devkitarm/bin/../lib/gcc/arm-none-eabi/6.3.0/../../../../arm-none-eabi/lib\libc.a(lib_a-putc.o)
 .comment       0x00000022       0x23 c:/urv/bmde/devkitpro/devkitarm/bin/../lib/gcc/arm-none-eabi/6.3.0/../../../../arm-none-eabi/lib\libc.a(lib_a-puts.o)
 .comment       0x00000022       0x23 c:/urv/bmde/devkitpro/devkitarm/bin/../lib/gcc/arm-none-eabi/6.3.0/../../../../arm-none-eabi/lib\libc.a(lib_a-rand.o)
 .comment       0x00000022       0x23 c:/urv/bmde/devkitpro/devkitarm/bin/../lib/gcc/arm-none-eabi/6.3.0/../../../../arm-none-eabi/lib\libc.a(lib_a-setvbuf.o)
 .comment       0x00000022       0x23 c:/urv/bmde/devkitpro/devkitarm/bin/../lib/gcc/arm-none-eabi/6.3.0/../../../../arm-none-eabi/lib\libc.a(lib_a-siscanf.o)
 .comment       0x00000022       0x23 c:/urv/bmde/devkitpro/devkitarm/bin/../lib/gcc/arm-none-eabi/6.3.0/../../../../arm-none-eabi/lib\libc.a(lib_a-stdio.o)
 .comment       0x00000022       0x23 c:/urv/bmde/devkitpro/devkitarm/bin/../lib/gcc/arm-none-eabi/6.3.0/../../../../arm-none-eabi/lib\libc.a(lib_a-strlen-stub.o)
 .comment       0x00000022       0x23 c:/urv/bmde/devkitpro/devkitarm/bin/../lib/gcc/arm-none-eabi/6.3.0/../../../../arm-none-eabi/lib\libc.a(lib_a-svfiscanf.o)
 .comment       0x00000022       0x23 c:/urv/bmde/devkitpro/devkitarm/bin/../lib/gcc/arm-none-eabi/6.3.0/../../../../arm-none-eabi/lib\libc.a(lib_a-time.o)
 .comment       0x00000022       0x23 c:/urv/bmde/devkitpro/devkitarm/bin/../lib/gcc/arm-none-eabi/6.3.0/../../../../arm-none-eabi/lib\libc.a(lib_a-ungetc.o)
 .comment       0x00000022       0x23 c:/urv/bmde/devkitpro/devkitarm/bin/../lib/gcc/arm-none-eabi/6.3.0/../../../../arm-none-eabi/lib\libc.a(lib_a-vfiprintf.o)
 .comment       0x00000022       0x23 c:/urv/bmde/devkitpro/devkitarm/bin/../lib/gcc/arm-none-eabi/6.3.0/../../../../arm-none-eabi/lib\libc.a(lib_a-vfprintf.o)
 .comment       0x00000022       0x23 c:/urv/bmde/devkitpro/devkitarm/bin/../lib/gcc/arm-none-eabi/6.3.0/../../../../arm-none-eabi/lib\libc.a(lib_a-wbuf.o)
 .comment       0x00000022       0x23 c:/urv/bmde/devkitpro/devkitarm/bin/../lib/gcc/arm-none-eabi/6.3.0/../../../../arm-none-eabi/lib\libc.a(lib_a-wcrtomb.o)
 .comment       0x00000022       0x23 c:/urv/bmde/devkitpro/devkitarm/bin/../lib/gcc/arm-none-eabi/6.3.0/../../../../arm-none-eabi/lib\libc.a(lib_a-wcsrtombs.o)
 .comment       0x00000022       0x23 c:/urv/bmde/devkitpro/devkitarm/bin/../lib/gcc/arm-none-eabi/6.3.0/../../../../arm-none-eabi/lib\libc.a(lib_a-wsetup.o)
 .comment       0x00000022       0x23 c:/urv/bmde/devkitpro/devkitarm/bin/../lib/gcc/arm-none-eabi/6.3.0/../../../../arm-none-eabi/lib\libc.a(lib_a-dtoa.o)
 .comment       0x00000022       0x23 c:/urv/bmde/devkitpro/devkitarm/bin/../lib/gcc/arm-none-eabi/6.3.0/../../../../arm-none-eabi/lib\libc.a(lib_a-fflush.o)
 .comment       0x00000022       0x23 c:/urv/bmde/devkitpro/devkitarm/bin/../lib/gcc/arm-none-eabi/6.3.0/../../../../arm-none-eabi/lib\libc.a(lib_a-findfp.o)
 .comment       0x00000022       0x23 c:/urv/bmde/devkitpro/devkitarm/bin/../lib/gcc/arm-none-eabi/6.3.0/../../../../arm-none-eabi/lib\libc.a(lib_a-freer.o)
 .comment       0x00000022       0x23 c:/urv/bmde/devkitpro/devkitarm/bin/../lib/gcc/arm-none-eabi/6.3.0/../../../../arm-none-eabi/lib\libc.a(lib_a-fvwrite.o)
 .comment       0x00000022       0x23 c:/urv/bmde/devkitpro/devkitarm/bin/../lib/gcc/arm-none-eabi/6.3.0/../../../../arm-none-eabi/lib\libc.a(lib_a-fwalk.o)
 .comment       0x00000022       0x23 c:/urv/bmde/devkitpro/devkitarm/bin/../lib/gcc/arm-none-eabi/6.3.0/../../../../arm-none-eabi/lib\libc.a(lib_a-impure.o)
 .comment       0x00000022       0x23 c:/urv/bmde/devkitpro/devkitarm/bin/../lib/gcc/arm-none-eabi/6.3.0/../../../../arm-none-eabi/lib\libc.a(lib_a-iswspace.o)
 .comment       0x00000022       0x23 c:/urv/bmde/devkitpro/devkitarm/bin/../lib/gcc/arm-none-eabi/6.3.0/../../../../arm-none-eabi/lib\libc.a(lib_a-jp2uc.o)
 .comment       0x00000022       0x23 c:/urv/bmde/devkitpro/devkitarm/bin/../lib/gcc/arm-none-eabi/6.3.0/../../../../arm-none-eabi/lib\libc.a(lib_a-localeconv.o)
 .comment       0x00000022       0x23 c:/urv/bmde/devkitpro/devkitarm/bin/../lib/gcc/arm-none-eabi/6.3.0/../../../../arm-none-eabi/lib\libc.a(lib_a-locale.o)
 .comment       0x00000022       0x23 c:/urv/bmde/devkitpro/devkitarm/bin/../lib/gcc/arm-none-eabi/6.3.0/../../../../arm-none-eabi/lib\libc.a(lib_a-makebuf.o)
 .comment       0x00000022       0x23 c:/urv/bmde/devkitpro/devkitarm/bin/../lib/gcc/arm-none-eabi/6.3.0/../../../../arm-none-eabi/lib\libc.a(lib_a-malloc.o)
 .comment       0x00000022       0x23 c:/urv/bmde/devkitpro/devkitarm/bin/../lib/gcc/arm-none-eabi/6.3.0/../../../../arm-none-eabi/lib\libc.a(lib_a-mallocr.o)
 .comment       0x00000022       0x23 c:/urv/bmde/devkitpro/devkitarm/bin/../lib/gcc/arm-none-eabi/6.3.0/../../../../arm-none-eabi/lib\libc.a(lib_a-mbrtowc.o)
 .comment       0x00000022       0x23 c:/urv/bmde/devkitpro/devkitarm/bin/../lib/gcc/arm-none-eabi/6.3.0/../../../../arm-none-eabi/lib\libc.a(lib_a-mbtowc_r.o)
 .comment       0x00000022       0x23 c:/urv/bmde/devkitpro/devkitarm/bin/../lib/gcc/arm-none-eabi/6.3.0/../../../../arm-none-eabi/lib\libc.a(lib_a-memchr-stub.o)
 .comment       0x00000022       0x23 c:/urv/bmde/devkitpro/devkitarm/bin/../lib/gcc/arm-none-eabi/6.3.0/../../../../arm-none-eabi/lib\libc.a(lib_a-memmove.o)
 .comment       0x00000022       0x23 c:/urv/bmde/devkitpro/devkitarm/bin/../lib/gcc/arm-none-eabi/6.3.0/../../../../arm-none-eabi/lib\libc.a(lib_a-mlock.o)
 .comment       0x00000022       0x23 c:/urv/bmde/devkitpro/devkitarm/bin/../lib/gcc/arm-none-eabi/6.3.0/../../../../arm-none-eabi/lib\libc.a(lib_a-mprec.o)
 .comment       0x00000022       0x23 c:/urv/bmde/devkitpro/devkitarm/bin/../lib/gcc/arm-none-eabi/6.3.0/../../../../arm-none-eabi/lib\libc.a(lib_a-reallocr.o)
 .comment       0x00000022       0x23 c:/urv/bmde/devkitpro/devkitarm/bin/../lib/gcc/arm-none-eabi/6.3.0/../../../../arm-none-eabi/lib\libc.a(lib_a-sccl.o)
 .comment       0x00000022       0x23 c:/urv/bmde/devkitpro/devkitarm/bin/../lib/gcc/arm-none-eabi/6.3.0/../../../../arm-none-eabi/lib\libc.a(lib_a-s_frexp.o)
 .comment       0x00000022       0x23 c:/urv/bmde/devkitpro/devkitarm/bin/../lib/gcc/arm-none-eabi/6.3.0/../../../../arm-none-eabi/lib\libc.a(lib_a-strncpy.o)
 .comment       0x00000022       0x23 c:/urv/bmde/devkitpro/devkitarm/bin/../lib/gcc/arm-none-eabi/6.3.0/../../../../arm-none-eabi/lib\libc.a(lib_a-strtoll.o)
 .comment       0x00000022       0x23 c:/urv/bmde/devkitpro/devkitarm/bin/../lib/gcc/arm-none-eabi/6.3.0/../../../../arm-none-eabi/lib\libc.a(lib_a-strtol.o)
 .comment       0x00000022       0x23 c:/urv/bmde/devkitpro/devkitarm/bin/../lib/gcc/arm-none-eabi/6.3.0/../../../../arm-none-eabi/lib\libc.a(lib_a-strtoull.o)
 .comment       0x00000022       0x23 c:/urv/bmde/devkitpro/devkitarm/bin/../lib/gcc/arm-none-eabi/6.3.0/../../../../arm-none-eabi/lib\libc.a(lib_a-strtoul.o)
 .comment       0x00000022       0x23 c:/urv/bmde/devkitpro/devkitarm/bin/../lib/gcc/arm-none-eabi/6.3.0/../../../../arm-none-eabi/lib\libc.a(lib_a-svfiprintf.o)
 .comment       0x00000022       0x23 c:/urv/bmde/devkitpro/devkitarm/bin/../lib/gcc/arm-none-eabi/6.3.0/../../../../arm-none-eabi/lib\libc.a(lib_a-wcsnrtombs.o)
 .comment       0x00000022       0x23 c:/urv/bmde/devkitpro/devkitarm/bin/../lib/gcc/arm-none-eabi/6.3.0/../../../../arm-none-eabi/lib\libc.a(lib_a-wctomb_r.o)
 .comment       0x00000022       0x23 c:/urv/bmde/devkitpro/devkitarm/bin/../lib/gcc/arm-none-eabi/6.3.0/../../../../arm-none-eabi/lib\libc.a(lib_a-callocr.o)
 .comment       0x00000022       0x23 c:/urv/bmde/devkitpro/devkitarm/bin/../lib/gcc/arm-none-eabi/6.3.0/../../../../arm-none-eabi/lib\libc.a(lib_a-ctype_.o)
 .comment       0x00000022       0x23 c:/urv/bmde/devkitpro/devkitarm/bin/../lib/gcc/arm-none-eabi/6.3.0/../../../../arm-none-eabi/lib\libc.a(lib_a-fclose.o)
 .comment       0x00000022       0x23 c:/urv/bmde/devkitpro/devkitarm/bin/../lib/gcc/arm-none-eabi/6.3.0/../../../../arm-none-eabi/lib\libsysbase.a(iosupport.o)
 .comment       0x00000022       0x23 c:/urv/bmde/devkitpro/devkitarm/bin/../lib/gcc/arm-none-eabi/6.3.0/../../../../arm-none-eabi/lib\libsysbase.a(close.o)
 .comment       0x00000022       0x23 c:/urv/bmde/devkitpro/devkitarm/bin/../lib/gcc/arm-none-eabi/6.3.0/../../../../arm-none-eabi/lib\libsysbase.a(fstat.o)
 .comment       0x00000022       0x23 c:/urv/bmde/devkitpro/devkitarm/bin/../lib/gcc/arm-none-eabi/6.3.0/../../../../arm-none-eabi/lib\libsysbase.a(gettod.o)
 .comment       0x00000022       0x23 c:/urv/bmde/devkitpro/devkitarm/bin/../lib/gcc/arm-none-eabi/6.3.0/../../../../arm-none-eabi/lib\libsysbase.a(isatty.o)
 .comment       0x00000022       0x23 c:/urv/bmde/devkitpro/devkitarm/bin/../lib/gcc/arm-none-eabi/6.3.0/../../../../arm-none-eabi/lib\libsysbase.a(lseek.o)
 .comment       0x00000022       0x23 c:/urv/bmde/devkitpro/devkitarm/bin/../lib/gcc/arm-none-eabi/6.3.0/../../../../arm-none-eabi/lib\libsysbase.a(read.o)
 .comment       0x00000022       0x23 c:/urv/bmde/devkitpro/devkitarm/bin/../lib/gcc/arm-none-eabi/6.3.0/../../../../arm-none-eabi/lib\libsysbase.a(sbrk.o)
 .comment       0x00000022       0x23 c:/urv/bmde/devkitpro/devkitarm/bin/../lib/gcc/arm-none-eabi/6.3.0/../../../../arm-none-eabi/lib\libsysbase.a(write.o)
 .comment       0x00000022       0x23 c:/urv/bmde/devkitpro/devkitarm/bin/../lib/gcc/arm-none-eabi/6.3.0/../../../../arm-none-eabi/lib\libsysbase.a(malloc_vars.o)
 .comment       0x00000022       0x23 c:/urv/bmde/devkitpro/devkitarm/bin/../lib/gcc/arm-none-eabi/6.3.0/../../../../arm-none-eabi/lib\libsysbase.a(build_argv.o)
 .comment       0x00000022       0x23 c:/urv/bmde/devkitpro/devkitarm/bin/../lib/gcc/arm-none-eabi/6.3.0/../../../../arm-none-eabi/lib\libsysbase.a(flock.o)
 .comment       0x00000022       0x23 c:/urv/bmde/devkitpro/devkitarm/bin/../lib/gcc/arm-none-eabi/6.3.0/../../../../arm-none-eabi/lib\libsysbase.a(syscall_support.o)
 .comment       0x00000022       0x23 c:/urv/bmde/devkitpro/devkitarm/bin/../lib/gcc/arm-none-eabi/6.3.0/../../../../arm-none-eabi/lib\libsysbase.a(handle_manager.o)
 .comment       0x00000022       0x23 c:/urv/bmde/devkitpro/devkitarm/bin/../lib/gcc/arm-none-eabi/6.3.0/../../../../arm-none-eabi/lib\libsysbase.a(getreent.o)
 .comment       0x00000022       0x23 c:/urv/bmde/devkitpro/devkitarm/bin/../lib/gcc/arm-none-eabi/6.3.0\libgcc.a(_udivmoddi4.o)
 .comment       0x00000022       0x23 c:/urv/bmde/devkitpro/devkitarm/bin/../lib/gcc/arm-none-eabi/6.3.0/crtend.o

.ARM.attributes
                0x00000000       0x2d
 .ARM.attributes
                0x00000000       0x21 c:/urv/bmde/devkitpro/devkitarm/bin/../lib/gcc/arm-none-eabi/6.3.0/../../../../arm-none-eabi/lib/ds_arm9_crt0.o
 .ARM.attributes
                0x00000021       0x16 c:/urv/bmde/devkitpro/devkitarm/bin/../lib/gcc/arm-none-eabi/6.3.0/crti.o
 .ARM.attributes
                0x00000037       0x30 c:/urv/bmde/devkitpro/devkitarm/bin/../lib/gcc/arm-none-eabi/6.3.0/crtbegin.o
 .ARM.attributes
                0x00000067       0x27 mm_main.o
 .ARM.attributes
                0x0000008e       0x27 mm_support.o
 .ARM.attributes
                0x000000b5       0x1b mm_check.o
 .ARM.attributes
                0x000000d0       0x2b c:/URV/bmde/devkitPro/libnds/lib\libnds9.a(console.o)
 .ARM.attributes
                0x000000fb       0x2b c:/URV/bmde/devkitPro/libnds/lib\libnds9.a(background.o)
 .ARM.attributes
                0x00000126       0x2b c:/URV/bmde/devkitPro/libnds/lib\libnds9.a(trig.o)
 .ARM.attributes
                0x00000151       0x2b c:/URV/bmde/devkitPro/libnds/lib\libnds9.a(keys.o)
 .ARM.attributes
                0x0000017c       0x2b c:/URV/bmde/devkitPro/libnds/lib\libnds9.a(initSystem.o)
 .ARM.attributes
                0x000001a7       0x2b c:/URV/bmde/devkitPro/libnds/lib\libnds9.a(timeSupport.o)
 .ARM.attributes
                0x000001d2       0x2b c:/URV/bmde/devkitPro/libnds/lib\libnds9.a(securearea.o)
 .ARM.attributes
                0x000001fd       0x2b c:/URV/bmde/devkitPro/libnds/lib\libnds9.a(interrupts.o)
 .ARM.attributes
                0x00000228       0x2b c:/URV/bmde/devkitPro/libnds/lib\libnds9.a(libnds_exit.arm.o)
 .ARM.attributes
                0x00000253       0x2b c:/URV/bmde/devkitPro/libnds/lib\libnds9.a(fifosystem.o)
 .ARM.attributes
                0x0000027e       0x21 c:/URV/bmde/devkitPro/libnds/lib\libnds9.a(mpu_setup.o)
 .ARM.attributes
                0x0000029f       0x21 c:/URV/bmde/devkitPro/libnds/lib\libnds9.a(IntrWait.o)
 .ARM.attributes
                0x000002c0       0x21 c:/URV/bmde/devkitPro/libnds/lib\libnds9.a(cpu_clock.o)
 .ARM.attributes
                0x000002e1       0x1b c:/URV/bmde/devkitPro/libnds/lib\libnds9.a(interruptDispatcher.o)
 .ARM.attributes
                0x000002fc       0x21 c:/URV/bmde/devkitPro/libnds/lib\libnds9.a(swiSoftReset.o)
 .ARM.attributes
                0x0000031d       0x14 c:/URV/bmde/devkitPro/libnds/lib\libnds9.a(default_font.bin.o)
 .ARM.attributes
                0x00000331       0x2b c:/URV/bmde/devkitPro/libnds/lib\libnds9.a(video.o)
 .ARM.attributes
                0x0000035c       0x2b c:/URV/bmde/devkitPro/libnds/lib\libnds9.a(system.o)
 .ARM.attributes
                0x00000387       0x1b c:/URV/bmde/devkitPro/libnds/lib\libnds9.a(biosCalls.o)
 .ARM.attributes
                0x000003a2       0x1b c:/Users/santi/Desktop/Compus/Mastermind/lib\libcompus.a(copyscreen.o)
 .ARM.attributes
                0x000003bd       0x18 c:/urv/bmde/devkitpro/devkitarm/bin/../lib/gcc/arm-none-eabi/6.3.0\libgcc.a(_divsi3.o)
 .ARM.attributes
                0x000003d5       0x18 c:/urv/bmde/devkitpro/devkitarm/bin/../lib/gcc/arm-none-eabi/6.3.0\libgcc.a(_dvmd_tls.o)
 .ARM.attributes
                0x000003ed       0x30 c:/urv/bmde/devkitpro/devkitarm/bin/../lib/gcc/arm-none-eabi/6.3.0/../../../../arm-none-eabi/lib\libc.a(lib_a-init.o)
 .ARM.attributes
                0x0000041d       0x30 c:/urv/bmde/devkitpro/devkitarm/bin/../lib/gcc/arm-none-eabi/6.3.0/../../../../arm-none-eabi/lib\libc.a(lib_a-memcpy-stub.o)
 .ARM.attributes
                0x0000044d       0x30 c:/urv/bmde/devkitpro/devkitarm/bin/../lib/gcc/arm-none-eabi/6.3.0/../../../../arm-none-eabi/lib\libc.a(lib_a-memset.o)
 .ARM.attributes
                0x0000047d       0x30 c:/urv/bmde/devkitpro/devkitarm/bin/../lib/gcc/arm-none-eabi/6.3.0/../../../../arm-none-eabi/lib\libc.a(lib_a-printf.o)
 .ARM.attributes
                0x000004ad       0x30 c:/urv/bmde/devkitpro/devkitarm/bin/../lib/gcc/arm-none-eabi/6.3.0/../../../../arm-none-eabi/lib\libc.a(lib_a-putchar.o)
 .ARM.attributes
                0x000004dd       0x30 c:/urv/bmde/devkitpro/devkitarm/bin/../lib/gcc/arm-none-eabi/6.3.0/../../../../arm-none-eabi/lib\libc.a(lib_a-putc.o)
 .ARM.attributes
                0x0000050d       0x30 c:/urv/bmde/devkitpro/devkitarm/bin/../lib/gcc/arm-none-eabi/6.3.0/../../../../arm-none-eabi/lib\libc.a(lib_a-puts.o)
 .ARM.attributes
                0x0000053d       0x30 c:/urv/bmde/devkitpro/devkitarm/bin/../lib/gcc/arm-none-eabi/6.3.0/../../../../arm-none-eabi/lib\libc.a(lib_a-rand.o)
 .ARM.attributes
                0x0000056d       0x30 c:/urv/bmde/devkitpro/devkitarm/bin/../lib/gcc/arm-none-eabi/6.3.0/../../../../arm-none-eabi/lib\libc.a(lib_a-setvbuf.o)
 .ARM.attributes
                0x0000059d       0x30 c:/urv/bmde/devkitpro/devkitarm/bin/../lib/gcc/arm-none-eabi/6.3.0/../../../../arm-none-eabi/lib\libc.a(lib_a-siscanf.o)
 .ARM.attributes
                0x000005cd       0x30 c:/urv/bmde/devkitpro/devkitarm/bin/../lib/gcc/arm-none-eabi/6.3.0/../../../../arm-none-eabi/lib\libc.a(lib_a-stdio.o)
 .ARM.attributes
                0x000005fd       0x30 c:/urv/bmde/devkitpro/devkitarm/bin/../lib/gcc/arm-none-eabi/6.3.0/../../../../arm-none-eabi/lib\libc.a(lib_a-strlen-stub.o)
 .ARM.attributes
                0x0000062d       0x30 c:/urv/bmde/devkitpro/devkitarm/bin/../lib/gcc/arm-none-eabi/6.3.0/../../../../arm-none-eabi/lib\libc.a(lib_a-svfiscanf.o)
 .ARM.attributes
                0x0000065d       0x30 c:/urv/bmde/devkitpro/devkitarm/bin/../lib/gcc/arm-none-eabi/6.3.0/../../../../arm-none-eabi/lib\libc.a(lib_a-time.o)
 .ARM.attributes
                0x0000068d       0x30 c:/urv/bmde/devkitpro/devkitarm/bin/../lib/gcc/arm-none-eabi/6.3.0/../../../../arm-none-eabi/lib\libc.a(lib_a-ungetc.o)
 .ARM.attributes
                0x000006bd       0x30 c:/urv/bmde/devkitpro/devkitarm/bin/../lib/gcc/arm-none-eabi/6.3.0/../../../../arm-none-eabi/lib\libc.a(lib_a-vfiprintf.o)
 .ARM.attributes
                0x000006ed       0x30 c:/urv/bmde/devkitpro/devkitarm/bin/../lib/gcc/arm-none-eabi/6.3.0/../../../../arm-none-eabi/lib\libc.a(lib_a-vfprintf.o)
 .ARM.attributes
                0x0000071d       0x30 c:/urv/bmde/devkitpro/devkitarm/bin/../lib/gcc/arm-none-eabi/6.3.0/../../../../arm-none-eabi/lib\libc.a(lib_a-wbuf.o)
 .ARM.attributes
                0x0000074d       0x30 c:/urv/bmde/devkitpro/devkitarm/bin/../lib/gcc/arm-none-eabi/6.3.0/../../../../arm-none-eabi/lib\libc.a(lib_a-wcrtomb.o)
 .ARM.attributes
                0x0000077d       0x30 c:/urv/bmde/devkitpro/devkitarm/bin/../lib/gcc/arm-none-eabi/6.3.0/../../../../arm-none-eabi/lib\libc.a(lib_a-wcsrtombs.o)
 .ARM.attributes
                0x000007ad       0x30 c:/urv/bmde/devkitpro/devkitarm/bin/../lib/gcc/arm-none-eabi/6.3.0/../../../../arm-none-eabi/lib\libc.a(lib_a-wsetup.o)
 .ARM.attributes
                0x000007dd       0x30 c:/urv/bmde/devkitpro/devkitarm/bin/../lib/gcc/arm-none-eabi/6.3.0/../../../../arm-none-eabi/lib\libc.a(lib_a-dtoa.o)
 .ARM.attributes
                0x0000080d       0x30 c:/urv/bmde/devkitpro/devkitarm/bin/../lib/gcc/arm-none-eabi/6.3.0/../../../../arm-none-eabi/lib\libc.a(lib_a-fflush.o)
 .ARM.attributes
                0x0000083d       0x30 c:/urv/bmde/devkitpro/devkitarm/bin/../lib/gcc/arm-none-eabi/6.3.0/../../../../arm-none-eabi/lib\libc.a(lib_a-findfp.o)
 .ARM.attributes
                0x0000086d       0x30 c:/urv/bmde/devkitpro/devkitarm/bin/../lib/gcc/arm-none-eabi/6.3.0/../../../../arm-none-eabi/lib\libc.a(lib_a-freer.o)
 .ARM.attributes
                0x0000089d       0x30 c:/urv/bmde/devkitpro/devkitarm/bin/../lib/gcc/arm-none-eabi/6.3.0/../../../../arm-none-eabi/lib\libc.a(lib_a-fvwrite.o)
 .ARM.attributes
                0x000008cd       0x30 c:/urv/bmde/devkitpro/devkitarm/bin/../lib/gcc/arm-none-eabi/6.3.0/../../../../arm-none-eabi/lib\libc.a(lib_a-fwalk.o)
 .ARM.attributes
                0x000008fd       0x30 c:/urv/bmde/devkitpro/devkitarm/bin/../lib/gcc/arm-none-eabi/6.3.0/../../../../arm-none-eabi/lib\libc.a(lib_a-impure.o)
 .ARM.attributes
                0x0000092d       0x30 c:/urv/bmde/devkitpro/devkitarm/bin/../lib/gcc/arm-none-eabi/6.3.0/../../../../arm-none-eabi/lib\libc.a(lib_a-iswspace.o)
 .ARM.attributes
                0x0000095d       0x30 c:/urv/bmde/devkitpro/devkitarm/bin/../lib/gcc/arm-none-eabi/6.3.0/../../../../arm-none-eabi/lib\libc.a(lib_a-jp2uc.o)
 .ARM.attributes
                0x0000098d       0x30 c:/urv/bmde/devkitpro/devkitarm/bin/../lib/gcc/arm-none-eabi/6.3.0/../../../../arm-none-eabi/lib\libc.a(lib_a-localeconv.o)
 .ARM.attributes
                0x000009bd       0x30 c:/urv/bmde/devkitpro/devkitarm/bin/../lib/gcc/arm-none-eabi/6.3.0/../../../../arm-none-eabi/lib\libc.a(lib_a-locale.o)
 .ARM.attributes
                0x000009ed       0x30 c:/urv/bmde/devkitpro/devkitarm/bin/../lib/gcc/arm-none-eabi/6.3.0/../../../../arm-none-eabi/lib\libc.a(lib_a-makebuf.o)
 .ARM.attributes
                0x00000a1d       0x30 c:/urv/bmde/devkitpro/devkitarm/bin/../lib/gcc/arm-none-eabi/6.3.0/../../../../arm-none-eabi/lib\libc.a(lib_a-malloc.o)
 .ARM.attributes
                0x00000a4d       0x30 c:/urv/bmde/devkitpro/devkitarm/bin/../lib/gcc/arm-none-eabi/6.3.0/../../../../arm-none-eabi/lib\libc.a(lib_a-mallocr.o)
 .ARM.attributes
                0x00000a7d       0x30 c:/urv/bmde/devkitpro/devkitarm/bin/../lib/gcc/arm-none-eabi/6.3.0/../../../../arm-none-eabi/lib\libc.a(lib_a-mbrtowc.o)
 .ARM.attributes
                0x00000aad       0x30 c:/urv/bmde/devkitpro/devkitarm/bin/../lib/gcc/arm-none-eabi/6.3.0/../../../../arm-none-eabi/lib\libc.a(lib_a-mbtowc_r.o)
 .ARM.attributes
                0x00000add       0x30 c:/urv/bmde/devkitpro/devkitarm/bin/../lib/gcc/arm-none-eabi/6.3.0/../../../../arm-none-eabi/lib\libc.a(lib_a-memchr-stub.o)
 .ARM.attributes
                0x00000b0d       0x30 c:/urv/bmde/devkitpro/devkitarm/bin/../lib/gcc/arm-none-eabi/6.3.0/../../../../arm-none-eabi/lib\libc.a(lib_a-memmove.o)
 .ARM.attributes
                0x00000b3d       0x30 c:/urv/bmde/devkitpro/devkitarm/bin/../lib/gcc/arm-none-eabi/6.3.0/../../../../arm-none-eabi/lib\libc.a(lib_a-mlock.o)
 .ARM.attributes
                0x00000b6d       0x30 c:/urv/bmde/devkitpro/devkitarm/bin/../lib/gcc/arm-none-eabi/6.3.0/../../../../arm-none-eabi/lib\libc.a(lib_a-mprec.o)
 .ARM.attributes
                0x00000b9d       0x30 c:/urv/bmde/devkitpro/devkitarm/bin/../lib/gcc/arm-none-eabi/6.3.0/../../../../arm-none-eabi/lib\libc.a(lib_a-reallocr.o)
 .ARM.attributes
                0x00000bcd       0x30 c:/urv/bmde/devkitpro/devkitarm/bin/../lib/gcc/arm-none-eabi/6.3.0/../../../../arm-none-eabi/lib\libc.a(lib_a-sccl.o)
 .ARM.attributes
                0x00000bfd       0x30 c:/urv/bmde/devkitpro/devkitarm/bin/../lib/gcc/arm-none-eabi/6.3.0/../../../../arm-none-eabi/lib\libc.a(lib_a-s_frexp.o)
 .ARM.attributes
                0x00000c2d       0x16 c:/urv/bmde/devkitpro/devkitarm/bin/../lib/gcc/arm-none-eabi/6.3.0/../../../../arm-none-eabi/lib\libc.a(lib_a-strcmp.o)
 .ARM.attributes
                0x00000c43       0x30 c:/urv/bmde/devkitpro/devkitarm/bin/../lib/gcc/arm-none-eabi/6.3.0/../../../../arm-none-eabi/lib\libc.a(lib_a-strncpy.o)
 .ARM.attributes
                0x00000c73       0x30 c:/urv/bmde/devkitpro/devkitarm/bin/../lib/gcc/arm-none-eabi/6.3.0/../../../../arm-none-eabi/lib\libc.a(lib_a-strtoll.o)
 .ARM.attributes
                0x00000ca3       0x30 c:/urv/bmde/devkitpro/devkitarm/bin/../lib/gcc/arm-none-eabi/6.3.0/../../../../arm-none-eabi/lib\libc.a(lib_a-strtol.o)
 .ARM.attributes
                0x00000cd3       0x30 c:/urv/bmde/devkitpro/devkitarm/bin/../lib/gcc/arm-none-eabi/6.3.0/../../../../arm-none-eabi/lib\libc.a(lib_a-strtoull.o)
 .ARM.attributes
                0x00000d03       0x30 c:/urv/bmde/devkitpro/devkitarm/bin/../lib/gcc/arm-none-eabi/6.3.0/../../../../arm-none-eabi/lib\libc.a(lib_a-strtoul.o)
 .ARM.attributes
                0x00000d33       0x30 c:/urv/bmde/devkitpro/devkitarm/bin/../lib/gcc/arm-none-eabi/6.3.0/../../../../arm-none-eabi/lib\libc.a(lib_a-svfiprintf.o)
 .ARM.attributes
                0x00000d63       0x30 c:/urv/bmde/devkitpro/devkitarm/bin/../lib/gcc/arm-none-eabi/6.3.0/../../../../arm-none-eabi/lib\libc.a(lib_a-wcsnrtombs.o)
 .ARM.attributes
                0x00000d93       0x30 c:/urv/bmde/devkitpro/devkitarm/bin/../lib/gcc/arm-none-eabi/6.3.0/../../../../arm-none-eabi/lib\libc.a(lib_a-wctomb_r.o)
 .ARM.attributes
                0x00000dc3       0x30 c:/urv/bmde/devkitpro/devkitarm/bin/../lib/gcc/arm-none-eabi/6.3.0/../../../../arm-none-eabi/lib\libc.a(lib_a-callocr.o)
 .ARM.attributes
                0x00000df3       0x30 c:/urv/bmde/devkitpro/devkitarm/bin/../lib/gcc/arm-none-eabi/6.3.0/../../../../arm-none-eabi/lib\libc.a(lib_a-ctype_.o)
 .ARM.attributes
                0x00000e23       0x30 c:/urv/bmde/devkitpro/devkitarm/bin/../lib/gcc/arm-none-eabi/6.3.0/../../../../arm-none-eabi/lib\libc.a(lib_a-fclose.o)
 .ARM.attributes
                0x00000e53       0x30 c:/urv/bmde/devkitpro/devkitarm/bin/../lib/gcc/arm-none-eabi/6.3.0/../../../../arm-none-eabi/lib\libsysbase.a(iosupport.o)
 .ARM.attributes
                0x00000e83       0x30 c:/urv/bmde/devkitpro/devkitarm/bin/../lib/gcc/arm-none-eabi/6.3.0/../../../../arm-none-eabi/lib\libsysbase.a(close.o)
 .ARM.attributes
                0x00000eb3       0x30 c:/urv/bmde/devkitpro/devkitarm/bin/../lib/gcc/arm-none-eabi/6.3.0/../../../../arm-none-eabi/lib\libsysbase.a(fstat.o)
 .ARM.attributes
                0x00000ee3       0x30 c:/urv/bmde/devkitpro/devkitarm/bin/../lib/gcc/arm-none-eabi/6.3.0/../../../../arm-none-eabi/lib\libsysbase.a(gettod.o)
 .ARM.attributes
                0x00000f13       0x30 c:/urv/bmde/devkitpro/devkitarm/bin/../lib/gcc/arm-none-eabi/6.3.0/../../../../arm-none-eabi/lib\libsysbase.a(isatty.o)
 .ARM.attributes
                0x00000f43       0x30 c:/urv/bmde/devkitpro/devkitarm/bin/../lib/gcc/arm-none-eabi/6.3.0/../../../../arm-none-eabi/lib\libsysbase.a(lseek.o)
 .ARM.attributes
                0x00000f73       0x30 c:/urv/bmde/devkitpro/devkitarm/bin/../lib/gcc/arm-none-eabi/6.3.0/../../../../arm-none-eabi/lib\libsysbase.a(read.o)
 .ARM.attributes
                0x00000fa3       0x30 c:/urv/bmde/devkitpro/devkitarm/bin/../lib/gcc/arm-none-eabi/6.3.0/../../../../arm-none-eabi/lib\libsysbase.a(sbrk.o)
 .ARM.attributes
                0x00000fd3       0x30 c:/urv/bmde/devkitpro/devkitarm/bin/../lib/gcc/arm-none-eabi/6.3.0/../../../../arm-none-eabi/lib\libsysbase.a(write.o)
 .ARM.attributes
                0x00001003       0x30 c:/urv/bmde/devkitpro/devkitarm/bin/../lib/gcc/arm-none-eabi/6.3.0/../../../../arm-none-eabi/lib\libsysbase.a(malloc_vars.o)
 .ARM.attributes
                0x00001033       0x30 c:/urv/bmde/devkitpro/devkitarm/bin/../lib/gcc/arm-none-eabi/6.3.0/../../../../arm-none-eabi/lib\libsysbase.a(build_argv.o)
 .ARM.attributes
                0x00001063       0x30 c:/urv/bmde/devkitpro/devkitarm/bin/../lib/gcc/arm-none-eabi/6.3.0/../../../../arm-none-eabi/lib\libsysbase.a(flock.o)
 .ARM.attributes
                0x00001093       0x30 c:/urv/bmde/devkitpro/devkitarm/bin/../lib/gcc/arm-none-eabi/6.3.0/../../../../arm-none-eabi/lib\libsysbase.a(syscall_support.o)
 .ARM.attributes
                0x000010c3       0x30 c:/urv/bmde/devkitpro/devkitarm/bin/../lib/gcc/arm-none-eabi/6.3.0/../../../../arm-none-eabi/lib\libsysbase.a(handle_manager.o)
 .ARM.attributes
                0x000010f3       0x30 c:/urv/bmde/devkitpro/devkitarm/bin/../lib/gcc/arm-none-eabi/6.3.0/../../../../arm-none-eabi/lib\libsysbase.a(getreent.o)
 .ARM.attributes
                0x00001123       0x18 c:/urv/bmde/devkitpro/devkitarm/bin/../lib/gcc/arm-none-eabi/6.3.0\libgcc.a(_udivsi3.o)
 .ARM.attributes
                0x0000113b       0x18 c:/urv/bmde/devkitpro/devkitarm/bin/../lib/gcc/arm-none-eabi/6.3.0\libgcc.a(_arm_addsubdf3.o)
 .ARM.attributes
                0x00001153       0x18 c:/urv/bmde/devkitpro/devkitarm/bin/../lib/gcc/arm-none-eabi/6.3.0\libgcc.a(_arm_muldivdf3.o)
 .ARM.attributes
                0x0000116b       0x18 c:/urv/bmde/devkitpro/devkitarm/bin/../lib/gcc/arm-none-eabi/6.3.0\libgcc.a(_arm_cmpdf2.o)
 .ARM.attributes
                0x00001183       0x18 c:/urv/bmde/devkitpro/devkitarm/bin/../lib/gcc/arm-none-eabi/6.3.0\libgcc.a(_arm_unorddf2.o)
 .ARM.attributes
                0x0000119b       0x18 c:/urv/bmde/devkitpro/devkitarm/bin/../lib/gcc/arm-none-eabi/6.3.0\libgcc.a(_arm_fixdfsi.o)
 .ARM.attributes
                0x000011b3       0x18 c:/urv/bmde/devkitpro/devkitarm/bin/../lib/gcc/arm-none-eabi/6.3.0\libgcc.a(_aeabi_uldivmod.o)
 .ARM.attributes
                0x000011cb       0x30 c:/urv/bmde/devkitpro/devkitarm/bin/../lib/gcc/arm-none-eabi/6.3.0\libgcc.a(_udivmoddi4.o)
 .ARM.attributes
                0x000011fb       0x18 c:/urv/bmde/devkitpro/devkitarm/bin/../lib/gcc/arm-none-eabi/6.3.0\libgcc.a(_clzdi2.o)
 .ARM.attributes
                0x00001213       0x18 c:/urv/bmde/devkitpro/devkitarm/bin/../lib/gcc/arm-none-eabi/6.3.0\libgcc.a(_clzsi2.o)
 .ARM.attributes